Component: Arm Compiler for Embedded 6.22 Tool: armlink [5ee90200]

==============================================================================

Section Cross References

    stm32f4xx_nucleo.o(.ARM.exidx.text.BSP_GetVersion) refers to stm32f4xx_nucleo.o(.text.BSP_GetVersion) for [Anonymous Symbol]
    stm32f4xx_nucleo.o(.text.BSP_LED_Init) refers to stm32f4xx_nucleo.o(.data.GPIO_PORT) for GPIO_PORT
    stm32f4xx_nucleo.o(.text.BSP_LED_Init) refers to stm32f4xx_hal_gpio.o(.text.HAL_GPIO_Init) for HAL_GPIO_Init
    stm32f4xx_nucleo.o(.text.BSP_LED_Init) refers to stm32f4xx_hal_gpio.o(.text.HAL_GPIO_WritePin) for HAL_GPIO_WritePin
    stm32f4xx_nucleo.o(.ARM.exidx.text.BSP_LED_Init) refers to stm32f4xx_nucleo.o(.text.BSP_LED_Init) for [Anonymous Symbol]
    stm32f4xx_nucleo.o(.text.BSP_LED_DeInit) refers to stm32f4xx_nucleo.o(.data.GPIO_PORT) for GPIO_PORT
    stm32f4xx_nucleo.o(.text.BSP_LED_DeInit) refers to stm32f4xx_hal_gpio.o(.text.HAL_GPIO_WritePin) for HAL_GPIO_WritePin
    stm32f4xx_nucleo.o(.text.BSP_LED_DeInit) refers to stm32f4xx_hal_gpio.o(.text.HAL_GPIO_DeInit) for HAL_GPIO_DeInit
    stm32f4xx_nucleo.o(.ARM.exidx.text.BSP_LED_DeInit) refers to stm32f4xx_nucleo.o(.text.BSP_LED_DeInit) for [Anonymous Symbol]
    stm32f4xx_nucleo.o(.text.BSP_LED_On) refers to stm32f4xx_nucleo.o(.data.GPIO_PORT) for GPIO_PORT
    stm32f4xx_nucleo.o(.text.BSP_LED_On) refers to stm32f4xx_hal_gpio.o(.text.HAL_GPIO_WritePin) for HAL_GPIO_WritePin
    stm32f4xx_nucleo.o(.ARM.exidx.text.BSP_LED_On) refers to stm32f4xx_nucleo.o(.text.BSP_LED_On) for [Anonymous Symbol]
    stm32f4xx_nucleo.o(.text.BSP_LED_Off) refers to stm32f4xx_nucleo.o(.data.GPIO_PORT) for GPIO_PORT
    stm32f4xx_nucleo.o(.text.BSP_LED_Off) refers to stm32f4xx_hal_gpio.o(.text.HAL_GPIO_WritePin) for HAL_GPIO_WritePin
    stm32f4xx_nucleo.o(.ARM.exidx.text.BSP_LED_Off) refers to stm32f4xx_nucleo.o(.text.BSP_LED_Off) for [Anonymous Symbol]
    stm32f4xx_nucleo.o(.text.BSP_LED_Toggle) refers to stm32f4xx_nucleo.o(.data.GPIO_PORT) for GPIO_PORT
    stm32f4xx_nucleo.o(.text.BSP_LED_Toggle) refers to stm32f4xx_hal_gpio.o(.text.HAL_GPIO_TogglePin) for HAL_GPIO_TogglePin
    stm32f4xx_nucleo.o(.ARM.exidx.text.BSP_LED_Toggle) refers to stm32f4xx_nucleo.o(.text.BSP_LED_Toggle) for [Anonymous Symbol]
    stm32f4xx_nucleo.o(.text.BSP_PB_Init) refers to stm32f4xx_nucleo.o(.data.BUTTON_PORT) for BUTTON_PORT
    stm32f4xx_nucleo.o(.text.BSP_PB_Init) refers to stm32f4xx_hal_gpio.o(.text.HAL_GPIO_Init) for HAL_GPIO_Init
    stm32f4xx_nucleo.o(.text.BSP_PB_Init) refers to stm32f4xx_hal_cortex.o(.text.HAL_NVIC_SetPriority) for HAL_NVIC_SetPriority
    stm32f4xx_nucleo.o(.text.BSP_PB_Init) refers to stm32f4xx_hal_cortex.o(.text.HAL_NVIC_EnableIRQ) for HAL_NVIC_EnableIRQ
    stm32f4xx_nucleo.o(.ARM.exidx.text.BSP_PB_Init) refers to stm32f4xx_nucleo.o(.text.BSP_PB_Init) for [Anonymous Symbol]
    stm32f4xx_nucleo.o(.text.BSP_PB_DeInit) refers to stm32f4xx_hal_cortex.o(.text.HAL_NVIC_DisableIRQ) for HAL_NVIC_DisableIRQ
    stm32f4xx_nucleo.o(.text.BSP_PB_DeInit) refers to stm32f4xx_nucleo.o(.data.BUTTON_PORT) for BUTTON_PORT
    stm32f4xx_nucleo.o(.text.BSP_PB_DeInit) refers to stm32f4xx_hal_gpio.o(.text.HAL_GPIO_DeInit) for HAL_GPIO_DeInit
    stm32f4xx_nucleo.o(.ARM.exidx.text.BSP_PB_DeInit) refers to stm32f4xx_nucleo.o(.text.BSP_PB_DeInit) for [Anonymous Symbol]
    stm32f4xx_nucleo.o(.text.BSP_PB_GetState) refers to stm32f4xx_nucleo.o(.data.BUTTON_PORT) for BUTTON_PORT
    stm32f4xx_nucleo.o(.text.BSP_PB_GetState) refers to stm32f4xx_hal_gpio.o(.text.HAL_GPIO_ReadPin) for HAL_GPIO_ReadPin
    stm32f4xx_nucleo.o(.ARM.exidx.text.BSP_PB_GetState) refers to stm32f4xx_nucleo.o(.text.BSP_PB_GetState) for [Anonymous Symbol]
    stm32f4xx_nucleo.o(.text.SD_IO_Init) refers to stm32f4xx_hal_gpio.o(.text.HAL_GPIO_Init) for HAL_GPIO_Init
    stm32f4xx_nucleo.o(.text.SD_IO_Init) refers to stm32f4xx_nucleo.o(.text.SPIx_Init) for SPIx_Init
    stm32f4xx_nucleo.o(.text.SD_IO_Init) refers to stm32f4xx_hal_gpio.o(.text.HAL_GPIO_WritePin) for HAL_GPIO_WritePin
    stm32f4xx_nucleo.o(.text.SD_IO_Init) refers to stm32f4xx_nucleo.o(.data.SpixTimeout) for SpixTimeout
    stm32f4xx_nucleo.o(.text.SD_IO_Init) refers to stm32f4xx_nucleo.o(.bss.hnucleo_Spi) for hnucleo_Spi
    stm32f4xx_nucleo.o(.text.SD_IO_Init) refers to stm32f4xx_hal_spi.o(.text.HAL_SPI_TransmitReceive) for HAL_SPI_TransmitReceive
    stm32f4xx_nucleo.o(.text.SD_IO_Init) refers to stm32f4xx_hal_spi.o(.text.HAL_SPI_DeInit) for HAL_SPI_DeInit
    stm32f4xx_nucleo.o(.ARM.exidx.text.SD_IO_Init) refers to stm32f4xx_nucleo.o(.text.SD_IO_Init) for [Anonymous Symbol]
    stm32f4xx_nucleo.o(.text.SPIx_Init) refers to stm32f4xx_nucleo.o(.bss.hnucleo_Spi) for hnucleo_Spi
    stm32f4xx_nucleo.o(.text.SPIx_Init) refers to stm32f4xx_hal_spi.o(.text.HAL_SPI_GetState) for HAL_SPI_GetState
    stm32f4xx_nucleo.o(.text.SPIx_Init) refers to stm32f4xx_hal_gpio.o(.text.HAL_GPIO_Init) for HAL_GPIO_Init
[...]
    Removing stm32f4xx_hal_uart.o(.ARM.exidx.text.HAL_LIN_SendBreak), (8 bytes).
    Removing stm32f4xx_hal_uart.o(.text.HAL_MultiProcessor_EnterMuteMode), (116 bytes).
    Removing stm32f4xx_hal_uart.o(.ARM.exidx.text.HAL_MultiProcessor_EnterMuteMode), (8 bytes).
    Removing stm32f4xx_hal_uart.o(.text.HAL_MultiProcessor_ExitMuteMode), (116 bytes).
    Removing stm32f4xx_hal_uart.o(.ARM.exidx.text.HAL_MultiProcessor_ExitMuteMode), (8 bytes).
    Removing stm32f4xx_hal_uart.o(.text.HAL_HalfDuplex_EnableTransmitter), (44 bytes).
    Removing stm32f4xx_hal_uart.o(.ARM.exidx.text.HAL_HalfDuplex_EnableTransmitter), (8 bytes).
    Removing stm32f4xx_hal_uart.o(.text.HAL_HalfDuplex_EnableReceiver), (46 bytes).
    Removing stm32f4xx_hal_uart.o(.ARM.exidx.text.HAL_HalfDuplex_EnableReceiver), (8 bytes).
    Removing stm32f4xx_hal_uart.o(.text.HAL_UART_GetState), (14 bytes).
    Removing stm32f4xx_hal_uart.o(.ARM.exidx.text.HAL_UART_GetState), (8 bytes).
    Removing stm32f4xx_hal_uart.o(.text.HAL_UART_GetError), (4 bytes).
    Removing stm32f4xx_hal_uart.o(.ARM.exidx.text.HAL_UART_GetError), (8 bytes).
    Removing stm32f4xx_hal_uart.o(.text.UART_DMAReceiveCplt), (350 bytes).
    Removing stm32f4xx_hal_uart.o(.ARM.exidx.text.UART_DMAReceiveCplt), (8 bytes).
    Removing stm32f4xx_hal_uart.o(.text.UART_DMARxHalfCplt), (24 bytes).
    Removing stm32f4xx_hal_uart.o(.ARM.exidx.text.UART_DMARxHalfCplt), (8 bytes).
    Removing startup_stm32f411xe.o(HEAP), (512 bytes).
    Removing my_timer.o(.text), (0 bytes).
    Removing my_timer.o(.ARM.exidx.text.my_Timer10ms_Init), (8 bytes).
    Removing my_timer.o(.ARM.exidx.text.my_Timer10ms_Start), (8 bytes).
    Removing my_timer.o(.ARM.exidx.text.my_Timer10ms_RegisterCallback), (8 bytes).
    Removing my_timer.o(.ARM.exidx.text.TIM4_IRQHandler), (8 bytes).
    Removing my_timer.o(.ARM.exidx.text.HAL_TIM_PeriodElapsedCallback), (8 bytes).
    Removing drv8313_io.o(.text), (0 bytes).
    Removing drv8313_io.o(.ARM.exidx.text.DRV8313_IO_Init), (8 bytes).
    Removing drv8313_io.o(.ARM.exidx.text.DRV8313_IO_AllOutputsOff), (8 bytes).
    Removing drv8313_io.o(.ARM.exidx.text.DRV8313_IO_SetNSleep), (8 bytes).
    Removing drv8313_io.o(.ARM.exidx.text.DRV8313_IO_SetNReset), (8 bytes).
    Removing drv8313_io.o(.ARM.exidx.text.DRV8313_IO_SetEnable), (8 bytes).
    Removing drv8313_io.o(.ARM.exidx.text.DRV8313_IO_SetInput), (8 bytes).
    Removing drv8313_io.o(.ARM.exidx.text.DRV8313_IO_SetInputDuty), (8 bytes).
    Removing drv8313_io.o(.text.DRV8313_IO_GetInputDuty), (12 bytes).
    Removing drv8313_io.o(.ARM.exidx.text.DRV8313_IO_GetInputDuty), (8 bytes).
    Removing drv8313_io.o(.ARM.exidx.text.DRV8313_IO_ReadNFault), (8 bytes).
    Removing drv8313.o(.text), (0 bytes).
    Removing drv8313.o(.ARM.exidx.text.DRV8313_Init), (8 bytes).
    Removing drv8313.o(.ARM.exidx.text.DRV8313_EnterSafeState), (8 bytes).
    Removing drv8313.o(.ARM.exidx.text.DRV8313_AllPhaseOff), (8 bytes).
    Removing drv8313.o(.text.DRV8313_Sleep), (42 bytes).
    Removing drv8313.o(.ARM.exidx.text.DRV8313_Sleep), (8 bytes).
    Removing drv8313.o(.ARM.exidx.text.DRV8313_Wakeup), (8 bytes).
    Removing drv8313.o(.ARM.exidx.text.DRV8313_ApplyAllCachedPhaseStates), (8 bytes).
    Removing drv8313.o(.ARM.exidx.text.DRV8313_IsFaultActive), (8 bytes).
    Removing drv8313.o(.text.DRV8313_Reset), (122 bytes).
    Removing drv8313.o(.ARM.exidx.text.DRV8313_Reset), (8 bytes).
    Removing drv8313.o(.text.DRV8313_ClearFault), (4 bytes).
    Removing drv8313.o(.ARM.exidx.text.DRV8313_ClearFault), (8 bytes).
    Removing drv8313.o(.ARM.exidx.text.DRV8313_IsAwake), (8 bytes).
    Removing drv8313.o(.ARM.exidx.text.DRV8313_EnableAllOutputs), (8 bytes).
    Removing drv8313.o(.ARM.exidx.text.DRV8313_SetPhaseState), (8 bytes).
    Removing drv8313.o(.text.DRV8313_GetPhaseState), (22 bytes).
    Removing drv8313.o(.ARM.exidx.text.DRV8313_GetPhaseState), (8 bytes).
    Removing drv8313.o(.ARM.exidx.text.DRV8313_SetPhasePwmDuty), (8 bytes).
    Removing drv8313.o(.text.DRV8313_GetPhasePwmDuty), (24 bytes).
    Removing drv8313.o(.ARM.exidx.text.DRV8313_GetPhasePwmDuty), (8 bytes).
    Removing pwm_out.o(.text), (0 bytes).
    Removing pwm_out.o(.ARM.exidx.text.pwm_out_init), (8 bytes).
    Removing pwm_out.o(.ARM.exidx.text.pwm_out_enable_update_irq), (8 bytes).
    Removing pwm_out.o(.ARM.exidx.text.pwm_out_register_update_callback), (8 bytes).
    Removing pwm_out.o(.ARM.exidx.text.pwm_duty_set), (8 bytes).
    Removing pwm_out.o(.text.pwm_duty_get), (24 bytes).
    Removing pwm_out.o(.ARM.exidx.text.pwm_duty_get), (8 bytes).
    Removing pwm_out.o(.ARM.exidx.text.pwm_out_get_update_rate_hz), (8 bytes).
    Removing pwm_out.o(.ARM.exidx.text.pwm_out_tim_irqhandler), (8 bytes).
    Removing motor_sine_openloop.o(.text), (0 bytes).
    Removing motor_sine_openloop.o(.ARM.exidx.text.MotorSineOpenLoop_Init), (8 bytes).
    Removing motor_sine_openloop.o(.ARM.exidx.text.MotorSineOpenLoop_HighFreqTask), (8 bytes).
    Removing motor_sine_openloop.o(.ARM.exidx.text.MotorSineOpenLoop_Start), (8 bytes).
    Removing motor_sine_openloop.o(.ARM.exidx.text.MotorSineOpenLoop_Stop), (8 bytes).
    Removing motor_sine_openloop.o(.ARM.exidx.text.MotorSineOpenLoop_Task10ms), (8 bytes).
    Removing motor_sine_openloop.o(.ARM.exidx.text.MotorSineOpenLoop_SetReverse), (8 bytes).
    Removing motor_sine_openloop.o(.ARM.exidx.text.MotorSineOpenLoop_SetTargetFreqMilliHz), (8 bytes).
    Removing motor_sine_openloop.o(.ARM.exidx.text.MotorSineOpenLoop_SetFreqRampMilliHzPer10ms), (8 bytes).
    Removing motor_sine_openloop.o(.ARM.exidx.text.MotorSineOpenLoop_SetTargetAmplitudePermille), (8 bytes).
    Removing motor_sine_openloop.o(.ARM.exidx.text.MotorSineOpenLoop_SetAmpRampPermillePer10ms), (8 bytes).
    Removing motor_sine_openloop.o(.text.MotorSineOpenLoop_IsRunning), (12 bytes).
    Removing motor_sine_openloop.o(.ARM.exidx.text.MotorSineOpenLoop_IsRunning), (8 bytes).
    Removing motor_sine_openloop.o(.text.MotorSineOpenLoop_IsReverse), (12 bytes).
    Removing motor_sine_openloop.o(.ARM.exidx.text.MotorSineOpenLoop_IsReverse), (8 bytes).
    Removing motor_sine_openloop.o(.ARM.exidx.text.MotorSineOpenLoop_GetPhaseAccQ16), (8 bytes).
    Removing motor_sine_openloop.o(.ARM.exidx.text.MotorSineOpenLoop_GetPhaseStepQ16), (8 bytes).
    Removing motor_sine_openloop.o(.ARM.exidx.text.MotorSineOpenLoop_GetCurrentFreqMilliHz), (8 bytes).
    Removing motor_sine_openloop.o(.text.MotorSineOpenLoop_GetTargetFreqMilliHz), (12 bytes).
    Removing motor_sine_openloop.o(.ARM.exidx.text.MotorSineOpenLoop_GetTargetFreqMilliHz), (8 bytes).
    Removing motor_sine_openloop.o(.ARM.exidx.text.MotorSineOpenLoop_GetCurrentAmplitudePermille), (8 bytes).
    Removing motor_sine_openloop.o(.text.MotorSineOpenLoop_GetTargetAmplitudePermille), (12 bytes).
    Removing motor_sine_openloop.o(.ARM.exidx.text.MotorSineOpenLoop_GetTargetAmplitudePermille), (8 bytes).
    Removing motor_ctrl.o(.text), (0 bytes).
    Removing motor_ctrl.o(.ARM.exidx.text.MotorCtrl_Init), (8 bytes).
    Removing motor_ctrl.o(.ARM.exidx.text.MotorCtrl_Start), (8 bytes).
    Removing motor_ctrl.o(.text.MotorCtrl_Stop), (32 bytes).
    Removing motor_ctrl.o(.ARM.exidx.text.MotorCtrl_Stop), (8 bytes).
    Removing motor_ctrl.o(.ARM.exidx.text.MotorCtrl_Task10ms), (8 bytes).
    Removing motor_ctrl.o(.ARM.exidx.text.MotorCtrl_SetMode), (8 bytes).
    Removing motor_ctrl.o(.ARM.exidx.text.MotorCtrl_GetMode), (8 bytes).
    Removing motor_ctrl.o(.ARM.exidx.text.MotorCtrl_SetDirection), (8 bytes).
    Removing motor_ctrl.o(.text.MotorCtrl_GetDirection), (12 bytes).
    Removing motor_ctrl.o(.ARM.exidx.text.MotorCtrl_GetDirection), (8 bytes).
    Removing motor_ctrl.o(.text.MotorCtrl_SetSixStepStepTicks), (18 bytes).
    Removing motor_ctrl.o(.ARM.exidx.text.MotorCtrl_SetSixStepStepTicks), (8 bytes).
    Removing motor_ctrl.o(.text.MotorCtrl_GetSixStepStepTicks), (12 bytes).
    Removing motor_ctrl.o(.ARM.exidx.text.MotorCtrl_GetSixStepStepTicks), (8 bytes).
    Removing motor_ctrl.o(.text.MotorCtrl_SetStartStep), (34 bytes).
    Removing motor_ctrl.o(.ARM.exidx.text.MotorCtrl_SetStartStep), (8 bytes).
    Removing motor_ctrl.o(.text.MotorCtrl_GetStartStep), (12 bytes).
    Removing motor_ctrl.o(.ARM.exidx.text.MotorCtrl_GetStartStep), (8 bytes).
    Removing motor_ctrl.o(.ARM.exidx.text.MotorCtrl_GetCurrentStep), (8 bytes).
    Removing motor_ctrl.o(.ARM.exidx.text.MotorCtrl_GetTickCounter), (8 bytes).
    Removing motor_ctrl.o(.ARM.exidx.text.MotorCtrl_IsRunning), (8 bytes).
    Removing motor_ctrl.o(.ARM.exidx.text.MotorCtrl_SineSetTargetFreqMilliHz), (8 bytes).
    Removing motor_ctrl.o(.ARM.exidx.text.MotorCtrl_SineSetFreqRampMilliHzPer10ms), (8 bytes).
    Removing motor_ctrl.o(.ARM.exidx.text.MotorCtrl_SineSetAmplitudePermille), (8 bytes).
    Removing motor_ctrl.o(.ARM.exidx.text.MotorCtrl_SineSetAmpRampPermillePer10ms), (8 bytes).
    Removing motor_ctrl.o(.ARM.exidx.text.MotorCtrl_SineGetCurrentFreqMilliHz), (8 bytes).
    Removing motor_ctrl.o(.ARM.exidx.text.MotorCtrl_SineGetPhaseAccQ16), (8 bytes).
    Removing motor_ctrl.o(.ARM.exidx.text.MotorCtrl_SineGetPhaseStepQ16), (8 bytes).
    Removing motor_ctrl.o(.ARM.exidx.text.MotorCtrl_SineGetCurrentAmplitudePermille), (8 bytes).
    Removing my_uart.o(.text), (0 bytes).
    Removing my_uart.o(.ARM.exidx.text.fputc), (8 bytes).
    Removing my_uart.o(.text.my_Uart_SendBytes), (18 bytes).
    Removing my_uart.o(.ARM.exidx.text.my_Uart_SendBytes), (8 bytes).
    Removing my_uart.o(.ARM.exidx.text.my_Uart_Init), (8 bytes).
    Removing my_uart.o(.text.my_Uart_SendString), (30 bytes).
    Removing my_uart.o(.ARM.exidx.text.my_Uart_SendString), (8 bytes).
    Removing stm32f4xx_it.o(.text), (0 bytes).
    Removing stm32f4xx_it.o(.ARM.exidx.text.NMI_Handler), (8 bytes).
    Removing stm32f4xx_it.o(.ARM.exidx.text.HardFault_Handler), (8 bytes).
    Removing stm32f4xx_it.o(.ARM.exidx.text.MemManage_Handler), (8 bytes).
    Removing stm32f4xx_it.o(.ARM.exidx.text.BusFault_Handler), (8 bytes).
    Removing stm32f4xx_it.o(.ARM.exidx.text.UsageFault_Handler), (8 bytes).
    Removing stm32f4xx_it.o(.ARM.exidx.text.SVC_Handler), (8 bytes).
    Removing stm32f4xx_it.o(.ARM.exidx.text.DebugMon_Handler), (8 bytes).
    Removing stm32f4xx_it.o(.ARM.exidx.text.PendSV_Handler), (8 bytes).
    Removing stm32f4xx_it.o(.ARM.exidx.text.SysTick_Handler), (8 bytes).
    Removing stm32f4xx_it.o(.ARM.exidx.text.TIM1_UP_TIM10_IRQHandler), (8 bytes).
    Removing stm32f4xx_hal_msp.o(.text), (0 bytes).
    Removing stm32f4xx_hal_msp.o(.text.HAL_TIM_IC_MspInit), (106 bytes).
    Removing stm32f4xx_hal_msp.o(.ARM.exidx.text.HAL_TIM_IC_MspInit), (8 bytes).
    Removing main.o(.text), (0 bytes).
    Removing main.o(.ARM.exidx.text.main), (8 bytes).
    Removing main.o(.ARM.exidx.text.Task_10msCallback), (8 bytes).
    Removing main.o(.ARM.use_no_argv), (4 bytes).
    Removing system_stm32f4xx.o(.text), (0 bytes).
    Removing system_stm32f4xx.o(.ARM.exidx.text.SystemInit), (8 bytes).
    Removing system_stm32f4xx.o(.text.SystemCoreClockUpdate), (134 bytes).
    Removing system_stm32f4xx.o(.ARM.exidx.text.SystemCoreClockUpdate), (8 bytes).
    Removing dadd.o(.text), (334 bytes).
    Removing dmul.o(.text), (228 bytes).
    Removing ddiv.o(.text), (222 bytes).
    Removing dfixul.o(.text), (48 bytes).
    Removing cdrcmple.o(.text), (48 bytes).
    Removing depilogue.o(.text), (186 bytes).

1005 unused section(s) (total 60465 bytes) removed from the image.

==============================================================================

Image Symbol Table

    Local Symbols

    Symbol Name                              Value     Ov Type        Size  Object(Section)

    ../clib/division.s                       0x00000000   Number         0  aeabi_sdiv.o ABSOLUTE
    ../clib/microlib/division.c              0x00000000   Number         0  uldiv.o ABSOLUTE
    ../clib/microlib/division.c              0x00000000   Number         0  uidiv.o ABSOLUTE
    ../clib/microlib/init/entry.s            0x00000000   Number         0  entry.o ABSOLUTE
    ../clib/microlib/init/entry.s            0x00000000   Number         0  entry2.o ABSOLUTE
    ../clib/microlib/init/entry.s            0x00000000   Number         0  entry5.o ABSOLUTE
    ../clib/microlib/init/entry.s            0x00000000   Number         0  entry7a.o ABSOLUTE
    ../clib/microlib/init/entry.s            0x00000000   Number         0  entry7b.o ABSOLUTE
    ../clib/microlib/init/entry.s            0x00000000   Number         0  entry8a.o ABSOLUTE
    ../clib/microlib/init/entry.s            0x00000000   Number         0  entry8b.o ABSOLUTE
    ../clib/microlib/init/entry.s            0x00000000   Number         0  entry9a.o ABSOLUTE
    ../clib/microlib/init/entry.s            0x00000000   Number         0  entry9b.o ABSOLUTE
    ../clib/microlib/init/entry.s            0x00000000   Number         0  entry10a.o ABSOLUTE
    ../clib/microlib/init/entry.s            0x00000000   Number         0  entry10b.o ABSOLUTE
    ../clib/microlib/init/entry.s            0x00000000   Number         0  entry11a.o ABSOLUTE
    ../clib/microlib/init/entry.s            0x00000000   Number         0  entry11b.o ABSOLUTE
    ../clib/microlib/longlong.c              0x00000000   Number         0  llshl.o ABSOLUTE
    ../clib/microlib/longlong.c              0x00000000   Number         0  llushr.o ABSOLUTE
    ../clib/microlib/longlong.c              0x00000000   Number         0  llsshr.o ABSOLUTE
    ../clib/microlib/printf/printf.c         0x00000000   Number         0  printfb.o ABSOLUTE
    ../clib/microlib/printf/printf.c         0x00000000   Number         0  printf0.o ABSOLUTE
    ../clib/microlib/printf/printf.c         0x00000000   Number         0  printf1.o ABSOLUTE
    ../clib/microlib/printf/printf.c         0x00000000   Number         0  printf2.o ABSOLUTE
    ../clib/microlib/printf/printf.c         0x00000000   Number         0  printf3.o ABSOLUTE
    ../clib/microlib/printf/printf.c         0x00000000   Number         0  printf4.o ABSOLUTE
    ../clib/microlib/printf/printf.c         0x00000000   Number         0  printf5.o ABSOLUTE
    ../clib/microlib/printf/printf.c         0x00000000   Number         0  printf6.o ABSOLUTE
    ../clib/microlib/printf/printf.c         0x00000000   Number         0  printf7.o ABSOLUTE
    ../clib/microlib/printf/printf.c         0x00000000   Number         0  printf8.o ABSOLUTE
    ../clib/microlib/printf/printf.c         0x00000000   Number         0  printfa.o ABSOLUTE
    ../clib/microlib/printf/stubs.s          0x00000000   Number         0  printfstubs.o ABSOLUTE
    ../clib/microlib/stdio/puts.c            0x00000000   Number         0  puts.o ABSOLUTE
    ../clib/microlib/stdio/puts.c            0x00000000   Number         0  puts_e.o ABSOLUTE
    ../clib/microlib/stdio/streams.c         0x00000000   Number         0  stdout.o ABSOLUTE
    ../clib/microlib/string/strlen.c         0x00000000   Number         0  strlen.o ABSOLUTE
    ../clib/microlib/stubs.s                 0x00000000   Number         0  iusefp.o ABSOLUTE
    ../fplib/microlib/fpadd.c                0x00000000   Number         0  dadd.o ABSOLUTE
    ../fplib/microlib/fpdiv.c                0x00000000   Number         0  ddiv.o ABSOLUTE
    ../fplib/microlib/fpepilogue.c           0x00000000   Number         0  depilogue.o ABSOLUTE
    ../fplib/microlib/fpfix.c                0x00000000   Number         0  dfixul.o ABSOLUTE
    ../fplib/microlib/fpmul.c                0x00000000   Number         0  dmul.o ABSOLUTE
    cdrcmple.s                               0x00000000   Number         0  cdrcmple.o ABSOLUTE
    dc.s                                     0x00000000   Number         0  dc.o ABSOLUTE
    drv8313.c                                0x00000000   Number         0  drv8313.o ABSOLUTE
    drv8313_io.c                             0x00000000   Number         0  drv8313_io.o ABSOLUTE
    handlers.s                               0x00000000   Number         0  handlers.o ABSOLUTE
    init.s                                   0x00000000   Number         0  init.o ABSOLUTE
    main.c                                   0x00000000   Number         0  main.o ABSOLUTE
    motor_ctrl.c                             0x00000000   Number         0  motor_ctrl.o ABSOLUTE
    motor_sine_openloop.c                    0x00000000   Number         0  motor_sine_openloop.o ABSOLUTE
    my_timer.c                               0x00000000   Number         0  my_timer.o ABSOLUTE
    my_uart.c                                0x00000000   Number         0  my_uart.o ABSOLUTE
    pwm_out.c                                0x00000000   Number         0  pwm_out.o ABSOLUTE
    startup_stm32f411xe.s                    0x00000000   Number         0  startup_stm32f411xe.o ABSOLUTE
    stm32f4xx_hal.c                          0x00000000   Number         0  stm32f4xx_hal.o ABSOLUTE
    stm32f4xx_hal_adc.c                      0x00000000   Number         0  stm32f4xx_hal_adc.o ABSOLUTE
    stm32f4xx_hal_adc_ex.c                   0x00000000   Number         0  stm32f4xx_hal_adc_ex.o ABSOLUTE
    stm32f4xx_hal_cortex.c                   0x00000000   Number         0  stm32f4xx_hal_cortex.o ABSOLUTE
    stm32f4xx_hal_dma.c                      0x00000000   Number         0  stm32f4xx_hal_dma.o ABSOLUTE
    stm32f4xx_hal_dma_ex.c                   0x00000000   Number         0  stm32f4xx_hal_dma_ex.o ABSOLUTE
    stm32f4xx_hal_flash.c                    0x00000000   Number         0  stm32f4xx_hal_flash.o ABSOLUTE
    stm32f4xx_hal_flash_ex.c                 0x00000000   Number         0  stm32f4xx_hal_flash_ex.o ABSOLUTE
    stm32f4xx_hal_gpio.c                     0x00000000   Number         0  stm32f4xx_hal_gpio.o ABSOLUTE
    stm32f4xx_hal_msp.c                      0x00000000   Number         0  stm32f4xx_hal_msp.o ABSOLUTE
    stm32f4xx_hal_rcc.c                      0x00000000   Number         0  stm32f4xx_hal_rcc.o ABSOLUTE
    stm32f4xx_hal_rcc_ex.c                   0x00000000   Number         0  stm32f4xx_hal_rcc_ex.o ABSOLUTE
    stm32f4xx_hal_spi.c                      0x00000000   Number         0  stm32f4xx_hal_spi.o ABSOLUTE
    stm32f4xx_hal_tim.c                      0x00000000   Number         0  stm32f4xx_hal_tim.o ABSOLUTE
    stm32f4xx_hal_tim_ex.c                   0x00000000   Number         0  stm32f4xx_hal_tim_ex.o ABSOLUTE
    stm32f4xx_hal_uart.c                     0x00000000   Number         0  stm32f4xx_hal_uart.o ABSOLUTE
    stm32f4xx_it.c                           0x00000000   Number         0  stm32f4xx_it.o ABSOLUTE
    stm32f4xx_nucleo.c                       0x00000000   Number         0  stm32f4xx_nucleo.o ABSOLUTE
    system_stm32f4xx.c                       0x00000000   Number         0  system_stm32f4xx.o ABSOLUTE
    RESET                                    0x08000000   Section      408  startup_stm32f411xe.o(RESET)
    .ARM.Collect$$$$00000000                 0x08000198   Section        0  entry.o(.ARM.Collect$$$$00000000)
    .ARM.Collect$$$$00000001                 0x08000198   Section        4  entry2.o(.ARM.Collect$$$$00000001)
    .ARM.Collect$$$$00000004                 0x0800019c   Section        4  entry5.o(.ARM.Collect$$$$00000004)
    .ARM.Collect$$$$00000008                 0x080001a0   Section        0  entry7b.o(.ARM.Collect$$$$00000008)
    .ARM.Collect$$$$0000000A                 0x080001a0   Section        0  entry8b.o(.ARM.Collect$$$$0000000A)
    .ARM.Collect$$$$0000000B                 0x080001a0   Section        8  entry9a.o(.ARM.Collect$$$$0000000B)
    __lit__00000000                          0x080001a8   Data           4  entry2.o(.ARM.Collect$$$$00002712)
    .ARM.Collect$$$$0000000D                 0x080001a8   Section        0  entry10a.o(.ARM.Collect$$$$0000000D)
    .ARM.Collect$$$$0000000F                 0x080001a8   Section        0  entry11a.o(.ARM.Collect$$$$0000000F)
    .ARM.Collect$$$$00002712                 0x080001a8   Section        4  entry2.o(.ARM.Collect$$$$00002712)
    $v0                                      0x080001ac   Number         0  startup_stm32f411xe.o(.text)
    .text                                    0x080001ac   Section       36  startup_stm32f411xe.o(.text)
    .text                                    0x080001d0   Section        0  uldiv.o(.text)
    .text                                    0x08000232   Section        0  uidiv.o(.text)
    .text                                    0x0800025e   Section        0  llshl.o(.text)
    .text                                    0x0800027c   Section        0  llushr.o(.text)
    .text                                    0x0800029c   Section       48  init.o(.text)
    [Anonymous Symbol]                       0x080002cc   Section        0  stm32f4xx_it.o(.text.BusFault_Handler)
    [Anonymous Symbol]                       0x080002d0   Section        0  drv8313.o(.text.DRV8313_AllPhaseOff)
    DRV8313_ApplyAllCachedPhaseStates        0x080002e9   Thumb Code   156  drv8313.o(.text.DRV8313_ApplyAllCachedPhaseStates)
    [Anonymous Symbol]                       0x080002e8   Section        0  drv8313.o(.text.DRV8313_ApplyAllCachedPhaseStates)
    [Anonymous Symbol]                       0x08000384   Section        0  drv8313.o(.text.DRV8313_EnableAllOutputs)
    [Anonymous Symbol]                       0x080003b4   Section        0  drv8313.o(.text.DRV8313_EnterSafeState)
    [Anonymous Symbol]                       0x080003e0   Section        0  drv8313_io.o(.text.DRV8313_IO_AllOutputsOff)
    [Anonymous Symbol]                       0x08000428   Section        0  drv8313_io.o(.text.DRV8313_IO_Init)
    [Anonymous Symbol]                       0x0800055c   Section        0  drv8313_io.o(.text.DRV8313_IO_ReadNFault)
    [Anonymous Symbol]                       0x0800056c   Section        0  drv8313_io.o(.text.DRV8313_IO_SetEnable)
    [Anonymous Symbol]                       0x080005b0   Section        0  drv8313_io.o(.text.DRV8313_IO_SetInput)
    [Anonymous Symbol]                       0x080005c8   Section        0  drv8313_io.o(.text.DRV8313_IO_SetInputDuty)
    [Anonymous Symbol]                       0x080005d4   Section        0  drv8313_io.o(.text.DRV8313_IO_SetNReset)
    [Anonymous Symbol]                       0x080005e8   Section        0  drv8313_io.o(.text.DRV8313_IO_SetNSleep)
    [Anonymous Symbol]                       0x080005fc   Section        0  drv8313.o(.text.DRV8313_Init)
    [Anonymous Symbol]                       0x08000630   Section        0  drv8313.o(.text.DRV8313_IsAwake)
    [Anonymous Symbol]                       0x0800063c   Section        0  drv8313.o(.text.DRV8313_IsFaultActive)
    [Anonymous Symbol]                       0x0800064c   Section        0  drv8313.o(.text.DRV8313_SetPhasePwmDuty)
    [Anonymous Symbol]                       0x0800067c   Section        0  drv8313.o(.text.DRV8313_SetPhaseState)
    [Anonymous Symbol]                       0x080006e8   Section        0  drv8313.o(.text.DRV8313_Wakeup)
    [Anonymous Symbol]                       0x08000740   Section        0  stm32f4xx_it.o(.text.DebugMon_Handler)
    [Anonymous Symbol]                       0x08000744   Section        0  stm32f4xx_hal.o(.text.HAL_Delay)
    [Anonymous Symbol]                       0x0800076c   Section        0  stm32f4xx_hal_gpio.o(.text.HAL_GPIO_Init)
    [Anonymous Symbol]                       0x0800090c   Section        0  stm32f4xx_hal_gpio.o(.text.HAL_GPIO_ReadPin)
    [Anonymous Symbol]                       0x08000918   Section        0  stm32f4xx_hal_gpio.o(.text.HAL_GPIO_TogglePin)
    [Anonymous Symbol]                       0x08000928   Section        0  stm32f4xx_hal_gpio.o(.text.HAL_GPIO_WritePin)
    [Anonymous Symbol]                       0x08000934   Section        0  stm32f4xx_hal.o(.text.HAL_GetTick)
    [Anonymous Symbol]                       0x08000940   Section        0  stm32f4xx_hal.o(.text.HAL_IncTick)
    [Anonymous Symbol]                       0x0800095c   Section        0  stm32f4xx_hal.o(.text.HAL_Init)
    [Anonymous Symbol]                       0x08000994   Section        0  stm32f4xx_hal.o(.text.HAL_InitTick)
    [Anonymous Symbol]                       0x080009dc   Section        0  stm32f4xx_hal.o(.text.HAL_MspInit)
    [Anonymous Symbol]                       0x080009e0   Section        0  stm32f4xx_hal_cortex.o(.text.HAL_NVIC_EnableIRQ)
    [Anonymous Symbol]                       0x08000a04   Section        0  stm32f4xx_hal_cortex.o(.text.HAL_NVIC_SetPriority)
    [Anonymous Symbol]                       0x08000a5c   Section        0  stm32f4xx_hal_cortex.o(.text.HAL_NVIC_SetPriorityGrouping)
    [Anonymous Symbol]                       0x08000a7c   Section        0  stm32f4xx_hal_rcc.o(.text.HAL_RCC_ClockConfig)
    [Anonymous Symbol]                       0x08000be0   Section        0  stm32f4xx_hal_rcc.o(.text.HAL_RCC_GetPCLK1Freq)
    [Anonymous Symbol]                       0x08000c08   Section        0  stm32f4xx_hal_rcc.o(.text.HAL_RCC_GetPCLK2Freq)
    [Anonymous Symbol]                       0x08000c30   Section        0  stm32f4xx_hal_rcc.o(.text.HAL_RCC_GetSysClockFreq)
    [Anonymous Symbol]                       0x08000c9c   Section        0  stm32f4xx_hal_rcc.o(.text.HAL_RCC_OscConfig)
    [Anonymous Symbol]                       0x08001048   Section        0  stm32f4xx_hal_cortex.o(.text.HAL_SYSTICK_Config)
    [Anonymous Symbol]                       0x08001074   Section        0  stm32f4xx_hal_tim_ex.o(.text.HAL_TIMEx_BreakCallback)
    [Anonymous Symbol]                       0x08001078   Section        0  stm32f4xx_hal_tim_ex.o(.text.HAL_TIMEx_CommutCallback)
    [Anonymous Symbol]                       0x0800107c   Section        0  stm32f4xx_hal_tim.o(.text.HAL_TIM_Base_Init)
    [Anonymous Symbol]                       0x080010d8   Section        0  stm32f4xx_hal_tim.o(.text.HAL_TIM_Base_MspInit)
    [Anonymous Symbol]                       0x080010dc   Section        0  stm32f4xx_hal_tim.o(.text.HAL_TIM_Base_Start_IT)
    [Anonymous Symbol]                       0x08001160   Section        0  stm32f4xx_hal_tim.o(.text.HAL_TIM_IC_CaptureCallback)
    [Anonymous Symbol]                       0x08001164   Section        0  stm32f4xx_hal_tim.o(.text.HAL_TIM_IRQHandler)
    [Anonymous Symbol]                       0x080012b4   Section        0  stm32f4xx_hal_tim.o(.text.HAL_TIM_OC_DelayElapsedCallback)
    [Anonymous Symbol]                       0x080012b8   Section        0  stm32f4xx_hal_tim.o(.text.HAL_TIM_PWM_ConfigChannel)
    [Anonymous Symbol]                       0x080014b4   Section        0  stm32f4xx_hal_tim.o(.text.HAL_TIM_PWM_Init)
    [Anonymous Symbol]                       0x08001510   Section        0  stm32f4xx_hal_tim.o(.text.HAL_TIM_PWM_MspInit)
    [Anonymous Symbol]                       0x08001514   Section        0  stm32f4xx_hal_tim.o(.text.HAL_TIM_PWM_PulseFinishedCallback)
    [Anonymous Symbol]                       0x08001518   Section        0  stm32f4xx_hal_tim.o(.text.HAL_TIM_PWM_Start)
    [Anonymous Symbol]                       0x08001608   Section        0  my_timer.o(.text.HAL_TIM_PeriodElapsedCallback)
    [Anonymous Symbol]                       0x0800162c   Section        0  stm32f4xx_hal_tim.o(.text.HAL_TIM_TriggerCallback)
    [Anonymous Symbol]                       0x08001630   Section        0  stm32f4xx_hal_uart.o(.text.HAL_UART_Init)
    [Anonymous Symbol]                       0x08001690   Section        0  stm32f4xx_hal_uart.o(.text.HAL_UART_MspInit)
    [Anonymous Symbol]                       0x08001694   Section        0  stm32f4xx_hal_uart.o(.text.HAL_UART_Transmit)
    [Anonymous Symbol]                       0x08001828   Section        0  stm32f4xx_it.o(.text.HardFault_Handler)
    [Anonymous Symbol]                       0x0800182c   Section        0  stm32f4xx_it.o(.text.MemManage_Handler)
    [Anonymous Symbol]                       0x08001830   Section        0  motor_ctrl.o(.text.MotorCtrl_GetCurrentStep)
    [Anonymous Symbol]                       0x0800183c   Section        0  motor_ctrl.o(.text.MotorCtrl_GetMode)
    [Anonymous Symbol]                       0x08001848   Section        0  motor_ctrl.o(.text.MotorCtrl_GetTickCounter)
    [Anonymous Symbol]                       0x08001854   Section        0  motor_ctrl.o(.text.MotorCtrl_Init)
    [Anonymous Symbol]                       0x08001880   Section        0  motor_ctrl.o(.text.MotorCtrl_IsRunning)
    [Anonymous Symbol]                       0x0800188c   Section        0  motor_ctrl.o(.text.MotorCtrl_SetDirection)
    [Anonymous Symbol]                       0x080018a4   Section        0  motor_ctrl.o(.text.MotorCtrl_SetMode)
    [Anonymous Symbol]                       0x080018d8   Section        0  motor_ctrl.o(.text.MotorCtrl_SineGetCurrentAmplitudePermille)
    [Anonymous Symbol]                       0x080018dc   Section        0  motor_ctrl.o(.text.MotorCtrl_SineGetCurrentFreqMilliHz)
    [Anonymous Symbol]                       0x080018e0   Section        0  motor_ctrl.o(.text.MotorCtrl_SineGetPhaseAccQ16)
    [Anonymous Symbol]                       0x080018e4   Section        0  motor_ctrl.o(.text.MotorCtrl_SineGetPhaseStepQ16)
    [Anonymous Symbol]                       0x080018e8   Section        0  motor_ctrl.o(.text.MotorCtrl_SineSetAmpRampPermillePer10ms)
    [Anonymous Symbol]                       0x080018ec   Section        0  motor_ctrl.o(.text.MotorCtrl_SineSetAmplitudePermille)
    [Anonymous Symbol]                       0x080018f0   Section        0  motor_ctrl.o(.text.MotorCtrl_SineSetFreqRampMilliHzPer10ms)
    [Anonymous Symbol]                       0x080018f4   Section        0  motor_ctrl.o(.text.MotorCtrl_SineSetTargetFreqMilliHz)
    [Anonymous Symbol]                       0x080018f8   Section        0  motor_ctrl.o(.text.MotorCtrl_Start)
    [Anonymous Symbol]                       0x08001994   Section        0  motor_ctrl.o(.text.MotorCtrl_Task10ms)
    [Anonymous Symbol]                       0x08001a38   Section        0  motor_sine_openloop.o(.text.MotorSineOpenLoop_GetCurrentAmplitudePermille)
    [Anonymous Symbol]                       0x08001a44   Section        0  motor_sine_openloop.o(.text.MotorSineOpenLoop_GetCurrentFreqMilliHz)
    [Anonymous Symbol]                       0x08001a50   Section        0  motor_sine_openloop.o(.text.MotorSineOpenLoop_GetPhaseAccQ16)
    [Anonymous Symbol]                       0x08001a5c   Section        0  motor_sine_openloop.o(.text.MotorSineOpenLoop_GetPhaseStepQ16)
    MotorSineOpenLoop_HighFreqTask           0x08001a69   Thumb Code   320  motor_sine_openloop.o(.text.MotorSineOpenLoop_HighFreqTask)
    [Anonymous Symbol]                       0x08001a68   Section        0  motor_sine_openloop.o(.text.MotorSineOpenLoop_HighFreqTask)
    [Anonymous Symbol]                       0x08001ba8   Section        0  motor_sine_openloop.o(.text.MotorSineOpenLoop_Init)
    [Anonymous Symbol]                       0x08001be0   Section        0  motor_sine_openloop.o(.text.MotorSineOpenLoop_SetAmpRampPermillePer10ms)
    [Anonymous Symbol]                       0x08001bf4   Section        0  motor_sine_openloop.o(.text.MotorSineOpenLoop_SetFreqRampMilliHzPer10ms)
    [Anonymous Symbol]                       0x08001c08   Section        0  motor_sine_openloop.o(.text.MotorSineOpenLoop_SetReverse)
    [Anonymous Symbol]                       0x08001c1c   Section        0  motor_sine_openloop.o(.text.MotorSineOpenLoop_SetTargetAmplitudePermille)
    [Anonymous Symbol]                       0x08001c34   Section        0  motor_sine_openloop.o(.text.MotorSineOpenLoop_SetTargetFreqMilliHz)
    [Anonymous Symbol]                       0x08001c40   Section        0  motor_sine_openloop.o(.text.MotorSineOpenLoop_Start)
    [Anonymous Symbol]                       0x08001c94   Section        0  motor_sine_openloop.o(.text.MotorSineOpenLoop_Stop)
    [Anonymous Symbol]                       0x08001cb0   Section        0  motor_sine_openloop.o(.text.MotorSineOpenLoop_Task10ms)
    [Anonymous Symbol]                       0x08001d2c   Section        0  stm32f4xx_it.o(.text.NMI_Handler)
    [Anonymous Symbol]                       0x08001d30   Section        0  stm32f4xx_it.o(.text.PendSV_Handler)
    [Anonymous Symbol]                       0x08001d34   Section        0  stm32f4xx_it.o(.text.SVC_Handler)
    [Anonymous Symbol]                       0x08001d38   Section        0  stm32f4xx_it.o(.text.SysTick_Handler)
    [Anonymous Symbol]                       0x08001d3c   Section        0  system_stm32f4xx.o(.text.SystemInit)
    [Anonymous Symbol]                       0x08001d94   Section        0  stm32f4xx_it.o(.text.TIM1_UP_TIM10_IRQHandler)
    [Anonymous Symbol]                       0x08001d98   Section        0  my_timer.o(.text.TIM4_IRQHandler)
    [Anonymous Symbol]                       0x08001da4   Section        0  stm32f4xx_hal_tim.o(.text.TIM_Base_SetConfig)
    Task_10msCallback                        0x08001ea5   Thumb Code    58  main.o(.text.Task_10msCallback)
    [Anonymous Symbol]                       0x08001ea4   Section        0  main.o(.text.Task_10msCallback)
    UART_SetConfig                           0x08001ee1   Thumb Code   230  stm32f4xx_hal_uart.o(.text.UART_SetConfig)
    [Anonymous Symbol]                       0x08001ee0   Section        0  stm32f4xx_hal_uart.o(.text.UART_SetConfig)
    [Anonymous Symbol]                       0x08001fc8   Section        0  stm32f4xx_it.o(.text.UsageFault_Handler)
    [Anonymous Symbol]                       0x08001fcc   Section        0  my_uart.o(.text.fputc)
    [Anonymous Symbol]                       0x08001ff0   Section        0  main.o(.text.main)
    [Anonymous Symbol]                       0x08002200   Section        0  my_timer.o(.text.my_Timer10ms_Init)
    [Anonymous Symbol]                       0x08002268   Section        0  my_timer.o(.text.my_Timer10ms_RegisterCallback)
    [Anonymous Symbol]                       0x08002274   Section        0  my_timer.o(.text.my_Timer10ms_Start)
    [Anonymous Symbol]                       0x0800228c   Section        0  my_uart.o(.text.my_Uart_Init)
    [Anonymous Symbol]                       0x08002340   Section        0  pwm_out.o(.text.pwm_duty_set)
    [Anonymous Symbol]                       0x08002374   Section        0  pwm_out.o(.text.pwm_out_enable_update_irq)
    [Anonymous Symbol]                       0x080023a4   Section        0  pwm_out.o(.text.pwm_out_get_update_rate_hz)
    [Anonymous Symbol]                       0x080023ac   Section        0  pwm_out.o(.text.pwm_out_init)
    [Anonymous Symbol]                       0x08002508   Section        0  pwm_out.o(.text.pwm_out_register_update_callback)
    [Anonymous Symbol]                       0x08002514   Section        0  pwm_out.o(.text.pwm_out_tim_irqhandler)
    i.__0printf$1                            0x08002540   Section        0  printf1.o(i.__0printf$1)
    i.__scatterload_copy                     0x08002560   Section       14  handlers.o(i.__scatterload_copy)
    i.__scatterload_null                     0x0800256e   Section        2  handlers.o(i.__scatterload_null)
    i.__scatterload_zeroinit                 0x08002570   Section       14  handlers.o(i.__scatterload_zeroinit)
    _printf_core                             0x08002581   Thumb Code   336  printf1.o(i._printf_core)
    i._printf_core                           0x08002580   Section        0  printf1.o(i._printf_core)
    i.puts                                   0x080026d4   Section        0  puts.o(i.puts)
    k_sine_table_96                          0x08002710   Data         192  motor_sine_openloop.o(.rodata.k_sine_table_96)
    [Anonymous Symbol]                       0x08002710   Section        0  motor_sine_openloop.o(.rodata.k_sine_table_96)
    k_six_step_table                         0x080027d0   Data          18  motor_ctrl.o(.rodata.k_six_step_table)
    [Anonymous Symbol]                       0x080027d0   Section        0  motor_ctrl.o(.rodata.k_six_step_table)
    .L.str.2                                 0x080027e2   Data          79  main.o(.rodata.str1.1)
    [Anonymous Symbol]                       0x080027e2   Section        0  main.o(.rodata.str1.1)
    .data                                    0x20000000   Section        4  stdout.o(.data)
    .L_MergedGlobals                         0x20000004   Data           8  stm32f4xx_hal.o(.data..L_MergedGlobals)
    [Anonymous Symbol]                       0x20000004   Section        0  stm32f4xx_hal.o(.data..L_MergedGlobals)
    .L_MergedGlobals                         0x20000010   Data          88  pwm_out.o(.bss..L_MergedGlobals)
    s_pwm_initialized                        0x20000010   Data           1  pwm_out.o(.bss..L_MergedGlobals)
    [Anonymous Symbol]                       0x20000010   Section        0  pwm_out.o(.bss..L_MergedGlobals)
    s_update_callback                        0x20000014   Data           4  pwm_out.o(.bss..L_MergedGlobals)
    s_pwm_duty                               0x20000018   Data           6  pwm_out.o(.bss..L_MergedGlobals)
    s_htim_pwm                               0x20000020   Data          72  pwm_out.o(.bss..L_MergedGlobals)
    .L_MergedGlobals                         0x20000068   Data          40  motor_sine_openloop.o(.bss..L_MergedGlobals)
    s_sine.0                                 0x20000068   Data           1  motor_sine_openloop.o(.bss..L_MergedGlobals)
    [Anonymous Symbol]                       0x20000068   Section        0  motor_sine_openloop.o(.bss..L_MergedGlobals)
    s_sine.1                                 0x2000006c   Data           1  motor_sine_openloop.o(.bss..L_MergedGlobals)
    s_sine.7                                 0x20000070   Data           2  motor_sine_openloop.o(.bss..L_MergedGlobals)
    s_sine.8                                 0x20000074   Data           2  motor_sine_openloop.o(.bss..L_MergedGlobals)
    s_sine.9                                 0x20000078   Data           2  motor_sine_openloop.o(.bss..L_MergedGlobals)
    s_sine.2                                 0x2000007c   Data           4  motor_sine_openloop.o(.bss..L_MergedGlobals)
    s_sine.3                                 0x20000080   Data           4  motor_sine_openloop.o(.bss..L_MergedGlobals)
    s_sine.4                                 0x20000084   Data           4  motor_sine_openloop.o(.bss..L_MergedGlobals)
    s_sine.5                                 0x20000088   Data           4  motor_sine_openloop.o(.bss..L_MergedGlobals)
    s_sine.6                                 0x2000008c   Data           4  motor_sine_openloop.o(.bss..L_MergedGlobals)
    .L_MergedGlobals                         0x20000090   Data          14  motor_ctrl.o(.bss..L_MergedGlobals)
    s_motor.0                                0x20000090   Data           1  motor_ctrl.o(.bss..L_MergedGlobals)
    [Anonymous Symbol]                       0x20000090   Section        0  motor_ctrl.o(.bss..L_MergedGlobals)
    s_motor.1                                0x20000092   Data           1  motor_ctrl.o(.bss..L_MergedGlobals)
    s_motor.2                                0x20000094   Data           1  motor_ctrl.o(.bss..L_MergedGlobals)
    s_motor.3                                0x20000096   Data           1  motor_ctrl.o(.bss..L_MergedGlobals)
    s_motor.4                                0x20000098   Data           1  motor_ctrl.o(.bss..L_MergedGlobals)
    s_motor.5                                0x2000009a   Data           2  motor_ctrl.o(.bss..L_MergedGlobals)
    s_motor.6                                0x2000009c   Data           2  motor_ctrl.o(.bss..L_MergedGlobals)
    .L_MergedGlobals                         0x2000009e   Data           4  main.o(.bss..L_MergedGlobals)
    g_fault_latched                          0x2000009e   Data           1  main.o(.bss..L_MergedGlobals)
    [Anonymous Symbol]                       0x2000009e   Section        0  main.o(.bss..L_MergedGlobals)
    Task_10msCallback.led_cnt                0x200000a0   Data           2  main.o(.bss..L_MergedGlobals)
    htim_task                                0x200000a4   Data          72  my_timer.o(.bss.htim_task)
    [Anonymous Symbol]                       0x200000a4   Section        0  my_timer.o(.bss.htim_task)
    huart2                                   0x200000ec   Data          72  my_uart.o(.bss.huart2)
    [Anonymous Symbol]                       0x200000ec   Section        0  my_uart.o(.bss.huart2)
    s_drv                                    0x20000134   Data          10  drv8313.o(.bss.s_drv)
    [Anonymous Symbol]                       0x20000134   Section        0  drv8313.o(.bss.s_drv)
    s_timer_callback                         0x20000140   Data           4  my_timer.o(.bss.s_timer_callback)
    [Anonymous Symbol]                       0x20000140   Section        0  my_timer.o(.bss.s_timer_callback)
    STACK                                    0x20000148   Section     1024  startup_stm32f411xe.o(STACK)

    Global Symbols

    Symbol Name                              Value     Ov Type        Size  Object(Section)

    BuildAttributes$$THM_ISAv4$E$P$D$K$B$S$7EM$VFPi3$EXTD16$VFPS$VFMA$PE$A:L22UL41UL21$X:L11$S22US41US21$IEEE1$IW$~IW$USESV6$~STKCKD$USESV7$~SHL$OTIME$ROPI$EBA8$MICROLIB$REQ8$PRES8$EABIv2 0x00000000   Number         0  anon$$obj.o ABSOLUTE
    _printf_a                                0x00000000   Number         0  printfstubs.o ABSOLUTE
    _printf_c                                0x00000000   Number         0  printfstubs.o ABSOLUTE
    _printf_charcount                        0x00000000   Number         0  printfstubs.o ABSOLUTE
    _printf_d                                0x00000000   Number         0  printfstubs.o ABSOLUTE
    _printf_e                                0x00000000   Number         0  printfstubs.o ABSOLUTE
    _printf_f                                0x00000000   Number         0  printfstubs.o ABSOLUTE
    _printf_flags                            0x00000000   Number         0  printfstubs.o ABSOLUTE
    _printf_fp_dec                           0x00000000   Number         0  printfstubs.o ABSOLUTE
    _printf_fp_hex                           0x00000000   Number         0  printfstubs.o ABSOLUTE
    _printf_g                                0x00000000   Number         0  printfstubs.o ABSOLUTE
    _printf_i                                0x00000000   Number         0  printfstubs.o ABSOLUTE
    _printf_int_dec                          0x00000000   Number         0  printfstubs.o ABSOLUTE
    _printf_l                                0x00000000   Number         0  printfstubs.o ABSOLUTE
    _printf_lc                               0x00000000   Number         0  printfstubs.o ABSOLUTE
    _printf_ll                               0x00000000   Number         0  printfstubs.o ABSOLUTE
    _printf_lld                              0x00000000   Number         0  printfstubs.o ABSOLUTE
    _printf_lli                              0x00000000   Number         0  printfstubs.o ABSOLUTE
    _printf_llo                              0x00000000   Number         0  printfstubs.o ABSOLUTE
    _printf_llu                              0x00000000   Number         0  printfstubs.o ABSOLUTE
    _printf_llx                              0x00000000   Number         0  printfstubs.o ABSOLUTE
    _printf_longlong_dec                     0x00000000   Number         0  printfstubs.o ABSOLUTE
    _printf_longlong_hex                     0x00000000   Number         0  printfstubs.o ABSOLUTE
    _printf_longlong_oct                     0x00000000   Number         0  printfstubs.o ABSOLUTE
    _printf_ls                               0x00000000   Number         0  printfstubs.o ABSOLUTE
    _printf_mbtowc                           0x00000000   Number         0  printfstubs.o ABSOLUTE
    _printf_n                                0x00000000   Number         0  printfstubs.o ABSOLUTE
    _printf_o                                0x00000000   Number         0  printfstubs.o ABSOLUTE
    _printf_p                                0x00000000   Number         0  printfstubs.o ABSOLUTE
    _printf_percent                          0x00000000   Number         0  printfstubs.o ABSOLUTE
    _printf_pre_padding                      0x00000000   Number         0  printfstubs.o ABSOLUTE
    _printf_return_value                     0x00000000   Number         0  printfstubs.o ABSOLUTE
    _printf_s                                0x00000000   Number         0  printfstubs.o ABSOLUTE
    _printf_sizespec                         0x00000000   Number         0  printfstubs.o ABSOLUTE
    _printf_str                              0x00000000   Number         0  printfstubs.o ABSOLUTE
    _printf_truncate_signed                  0x00000000   Number         0  printfstubs.o ABSOLUTE
    _printf_truncate_unsigned                0x00000000   Number         0  printfstubs.o ABSOLUTE
    _printf_u                                0x00000000   Number         0  printfstubs.o ABSOLUTE
    _printf_wc                               0x00000000   Number         0  printfstubs.o ABSOLUTE
    _printf_wctomb                           0x00000000   Number         0  printfstubs.o ABSOLUTE
    _printf_widthprec                        0x00000000   Number         0  printfstubs.o ABSOLUTE
    _printf_x                                0x00000000   Number         0  printfstubs.o ABSOLUTE
    __cpp_initialize__aeabi_                  - Undefined Weak Reference
    __cxa_finalize                            - Undefined Weak Reference
    __decompress                              - Undefined Weak Reference
    _clock_init                               - Undefined Weak Reference
    _microlib_exit                            - Undefined Weak Reference
    __Vectors_Size                           0x00000198   Number         0  startup_stm32f411xe.o ABSOLUTE
    __Vectors                                0x08000000   Data           4  startup_stm32f411xe.o(RESET)
    __Vectors_End                            0x08000198   Data           0  startup_stm32f411xe.o(RESET)
    __main                                   0x08000199   Thumb Code     0  entry.o(.ARM.Collect$$$$00000000)
    _main_stk                                0x08000199   Thumb Code     0  entry2.o(.ARM.Collect$$$$00000001)
    _main_scatterload                        0x0800019d   Thumb Code     0  entry5.o(.ARM.Collect$$$$00000004)
    __main_after_scatterload                 0x080001a1   Thumb Code     0  entry5.o(.ARM.Collect$$$$00000004)
    _main_clock                              0x080001a1   Thumb Code     0  entry7b.o(.ARM.Collect$$$$00000008)
    _main_cpp_init                           0x080001a1   Thumb Code     0  entry8b.o(.ARM.Collect$$$$0000000A)
    _main_init                               0x080001a1   Thumb Code     0  entry9a.o(.ARM.Collect$$$$0000000B)
    __rt_final_cpp                           0x080001a9   Thumb Code     0  entry10a.o(.ARM.Collect$$$$0000000D)
    __rt_final_exit                          0x080001a9   Thumb Code     0  entry11a.o(.ARM.Collect$$$$0000000F)
    Reset_Handler                            0x080001ad   Thumb Code     8  startup_stm32f411xe.o(.text)
    ADC_IRQHandler                           0x080001c7   Thumb Code     0  startup_stm32f411xe.o(.text)
    DMA1_Stream0_IRQHandler                  0x080001c7   Thumb Code     0  startup_stm32f411xe.o(.text)
    DMA1_Stream1_IRQHandler                  0x080001c7   Thumb Code     0  startup_stm32f411xe.o(.text)
    DMA1_Stream2_IRQHandler                  0x080001c7   Thumb Code     0  startup_stm32f411xe.o(.text)
    DMA1_Stream3_IRQHandler                  0x080001c7   Thumb Code     0  startup_stm32f411xe.o(.text)
    DMA1_Stream4_IRQHandler                  0x080001c7   Thumb Code     0  startup_stm32f411xe.o(.text)
    DMA1_Stream5_IRQHandler                  0x080001c7   Thumb Code     0  startup_stm32f411xe.o(.text)
    DMA1_Stream6_IRQHandler                  0x080001c7   Thumb Code     0  startup_stm32f411xe.o(.text)
    DMA1_Stream7_IRQHandler                  0x080001c7   Thumb Code     0  startup_stm32f411xe.o(.text)
    DMA2_Stream0_IRQHandler                  0x080001c7   Thumb Code     0  startup_stm32f411xe.o(.text)
    DMA2_Stream1_IRQHandler                  0x080001c7   Thumb Code     0  startup_stm32f411xe.o(.text)
    DMA2_Stream2_IRQHandler                  0x080001c7   Thumb Code     0  startup_stm32f411xe.o(.text)
    DMA2_Stream3_IRQHandler                  0x080001c7   Thumb Code     0  startup_stm32f411xe.o(.text)
    DMA2_Stream4_IRQHandler                  0x080001c7   Thumb Code     0  startup_stm32f411xe.o(.text)
    DMA2_Stream5_IRQHandler                  0x080001c7   Thumb Code     0  startup_stm32f411xe.o(.text)
    DMA2_Stream6_IRQHandler                  0x080001c7   Thumb Code     0  startup_stm32f411xe.o(.text)
    DMA2_Stream7_IRQHandler                  0x080001c7   Thumb Code     0  startup_stm32f411xe.o(.text)
    EXTI0_IRQHandler                         0x080001c7   Thumb Code     0  startup_stm32f411xe.o(.text)
    EXTI15_10_IRQHandler                     0x080001c7   Thumb Code     0  startup_stm32f411xe.o(.text)
    EXTI1_IRQHandler                         0x080001c7   Thumb Code     0  startup_stm32f411xe.o(.text)
    EXTI2_IRQHandler                         0x080001c7   Thumb Code     0  startup_stm32f411xe.o(.text)
    EXTI3_IRQHandler                         0x080001c7   Thumb Code     0  startup_stm32f411xe.o(.text)
    EXTI4_IRQHandler                         0x080001c7   Thumb Code     0  startup_stm32f411xe.o(.text)
    EXTI9_5_IRQHandler                       0x080001c7   Thumb Code     0  startup_stm32f411xe.o(.text)
    FLASH_IRQHandler                         0x080001c7   Thumb Code     0  startup_stm32f411xe.o(.text)
    FPU_IRQHandler                           0x080001c7   Thumb Code     0  startup_stm32f411xe.o(.text)
    I2C1_ER_IRQHandler                       0x080001c7   Thumb Code     0  startup_stm32f411xe.o(.text)
    I2C1_EV_IRQHandler                       0x080001c7   Thumb Code     0  startup_stm32f411xe.o(.text)
    I2C2_ER_IRQHandler                       0x080001c7   Thumb Code     0  startup_stm32f411xe.o(.text)
    I2C2_EV_IRQHandler                       0x080001c7   Thumb Code     0  startup_stm32f411xe.o(.text)
    I2C3_ER_IRQHandler                       0x080001c7   Thumb Code     0  startup_stm32f411xe.o(.text)
    I2C3_EV_IRQHandler                       0x080001c7   Thumb Code     0  startup_stm32f411xe.o(.text)
    OTG_FS_IRQHandler                        0x080001c7   Thumb Code     0  startup_stm32f411xe.o(.text)
    OTG_FS_WKUP_IRQHandler                   0x080001c7   Thumb Code     0  startup_stm32f411xe.o(.text)
    PVD_IRQHandler                           0x080001c7   Thumb Code     0  startup_stm32f411xe.o(.text)
    RCC_IRQHandler                           0x080001c7   Thumb Code     0  startup_stm32f411xe.o(.text)
    RTC_Alarm_IRQHandler                     0x080001c7   Thumb Code     0  startup_stm32f411xe.o(.text)
    RTC_WKUP_IRQHandler                      0x080001c7   Thumb Code     0  startup_stm32f411xe.o(.text)
    SDIO_IRQHandler                          0x080001c7   Thumb Code     0  startup_stm32f411xe.o(.text)
    SPI1_IRQHandler                          0x080001c7   Thumb Code     0  startup_stm32f411xe.o(.text)
    SPI2_IRQHandler                          0x080001c7   Thumb Code     0  startup_stm32f411xe.o(.text)
    SPI3_IRQHandler                          0x080001c7   Thumb Code     0  startup_stm32f411xe.o(.text)
    SPI4_IRQHandler                          0x080001c7   Thumb Code     0  startup_stm32f411xe.o(.text)
    SPI5_IRQHandler                          0x080001c7   Thumb Code     0  startup_stm32f411xe.o(.text)
    TAMP_STAMP_IRQHandler                    0x080001c7   Thumb Code     0  startup_stm32f411xe.o(.text)
    TIM1_BRK_TIM9_IRQHandler                 0x080001c7   Thumb Code     0  startup_stm32f411xe.o(.text)
    TIM1_CC_IRQHandler                       0x080001c7   Thumb Code     0  startup_stm32f411xe.o(.text)
    TIM1_TRG_COM_TIM11_IRQHandler            0x080001c7   Thumb Code     0  startup_stm32f411xe.o(.text)
    TIM2_IRQHandler                          0x080001c7   Thumb Code     0  startup_stm32f411xe.o(.text)
    TIM3_IRQHandler                          0x080001c7   Thumb Code     0  startup_stm32f411xe.o(.text)
    TIM5_IRQHandler                          0x080001c7   Thumb Code     0  startup_stm32f411xe.o(.text)
    USART1_IRQHandler                        0x080001c7   Thumb Code     0  startup_stm32f411xe.o(.text)
    USART2_IRQHandler                        0x080001c7   Thumb Code     0  startup_stm32f411xe.o(.text)
    USART6_IRQHandler                        0x080001c7   Thumb Code     0  startup_stm32f411xe.o(.text)
    WWDG_IRQHandler                          0x080001c7   Thumb Code     0  startup_stm32f411xe.o(.text)
    __aeabi_uldivmod                         0x080001d1   Thumb Code    98  uldiv.o(.text)
    __aeabi_uidiv                            0x08000233   Thumb Code     0  uidiv.o(.text)
    __aeabi_uidivmod                         0x08000233   Thumb Code    44  uidiv.o(.text)
    __aeabi_llsl                             0x0800025f   Thumb Code    30  llshl.o(.text)
    _ll_shift_l                              0x0800025f   Thumb Code     0  llshl.o(.text)
    __aeabi_llsr                             0x0800027d   Thumb Code    32  llushr.o(.text)
    _ll_ushift_r                             0x0800027d   Thumb Code     0  llushr.o(.text)
    __scatterload                            0x0800029d   Thumb Code    38  init.o(.text)
    __scatterload_rt2                        0x0800029d   Thumb Code     0  init.o(.text)
    BusFault_Handler                         0x080002cd   Thumb Code     2  stm32f4xx_it.o(.text.BusFault_Handler)
    DRV8313_AllPhaseOff                      0x080002d1   Thumb Code    24  drv8313.o(.text.DRV8313_AllPhaseOff)
    DRV8313_EnableAllOutputs                 0x08000385   Thumb Code    46  drv8313.o(.text.DRV8313_EnableAllOutputs)
    DRV8313_EnterSafeState                   0x080003b5   Thumb Code    42  drv8313.o(.text.DRV8313_EnterSafeState)
    DRV8313_IO_AllOutputsOff                 0x080003e1   Thumb Code    72  drv8313_io.o(.text.DRV8313_IO_AllOutputsOff)
    DRV8313_IO_Init                          0x08000429   Thumb Code   306  drv8313_io.o(.text.DRV8313_IO_Init)
    DRV8313_IO_ReadNFault                    0x0800055d   Thumb Code    14  drv8313_io.o(.text.DRV8313_IO_ReadNFault)
    DRV8313_IO_SetEnable                     0x0800056d   Thumb Code    68  drv8313_io.o(.text.DRV8313_IO_SetEnable)
    DRV8313_IO_SetInput                      0x080005b1   Thumb Code    22  drv8313_io.o(.text.DRV8313_IO_SetInput)
    DRV8313_IO_SetInputDuty                  0x080005c9   Thumb Code    10  drv8313_io.o(.text.DRV8313_IO_SetInputDuty)
    DRV8313_IO_SetNReset                     0x080005d5   Thumb Code    18  drv8313_io.o(.text.DRV8313_IO_SetNReset)
    DRV8313_IO_SetNSleep                     0x080005e9   Thumb Code    18  drv8313_io.o(.text.DRV8313_IO_SetNSleep)
    DRV8313_Init                             0x080005fd   Thumb Code    52  drv8313.o(.text.DRV8313_Init)
    DRV8313_IsAwake                          0x08000631   Thumb Code    12  drv8313.o(.text.DRV8313_IsAwake)
    DRV8313_IsFaultActive                    0x0800063d   Thumb Code    14  drv8313.o(.text.DRV8313_IsFaultActive)
    DRV8313_SetPhasePwmDuty                  0x0800064d   Thumb Code    46  drv8313.o(.text.DRV8313_SetPhasePwmDuty)
    DRV8313_SetPhaseState                    0x0800067d   Thumb Code   108  drv8313.o(.text.DRV8313_SetPhaseState)
    DRV8313_Wakeup                           0x080006e9   Thumb Code    88  drv8313.o(.text.DRV8313_Wakeup)
    DebugMon_Handler                         0x08000741   Thumb Code     2  stm32f4xx_it.o(.text.DebugMon_Handler)
    HAL_Delay                                0x08000745   Thumb Code    40  stm32f4xx_hal.o(.text.HAL_Delay)
    HAL_GPIO_Init                            0x0800076d   Thumb Code   414  stm32f4xx_hal_gpio.o(.text.HAL_GPIO_Init)
    HAL_GPIO_ReadPin                         0x0800090d   Thumb Code    10  stm32f4xx_hal_gpio.o(.text.HAL_GPIO_ReadPin)
    HAL_GPIO_TogglePin                       0x08000919   Thumb Code    16  stm32f4xx_hal_gpio.o(.text.HAL_GPIO_TogglePin)
    HAL_GPIO_WritePin                        0x08000929   Thumb Code    10  stm32f4xx_hal_gpio.o(.text.HAL_GPIO_WritePin)
    HAL_GetTick                              0x08000935   Thumb Code    12  stm32f4xx_hal.o(.text.HAL_GetTick)
    HAL_IncTick                              0x08000941   Thumb Code    26  stm32f4xx_hal.o(.text.HAL_IncTick)
    HAL_Init                                 0x0800095d   Thumb Code    54  stm32f4xx_hal.o(.text.HAL_Init)
    HAL_InitTick                             0x08000995   Thumb Code    72  stm32f4xx_hal.o(.text.HAL_InitTick)
    HAL_MspInit                              0x080009dd   Thumb Code     2  stm32f4xx_hal.o(.text.HAL_MspInit)
    HAL_NVIC_EnableIRQ                       0x080009e1   Thumb Code    34  stm32f4xx_hal_cortex.o(.text.HAL_NVIC_EnableIRQ)
    HAL_NVIC_SetPriority                     0x08000a05   Thumb Code    86  stm32f4xx_hal_cortex.o(.text.HAL_NVIC_SetPriority)
    HAL_NVIC_SetPriorityGrouping             0x08000a5d   Thumb Code    32  stm32f4xx_hal_cortex.o(.text.HAL_NVIC_SetPriorityGrouping)
    HAL_RCC_ClockConfig                      0x08000a7d   Thumb Code   356  stm32f4xx_hal_rcc.o(.text.HAL_RCC_ClockConfig)
    HAL_RCC_GetPCLK1Freq                     0x08000be1   Thumb Code    38  stm32f4xx_hal_rcc.o(.text.HAL_RCC_GetPCLK1Freq)
    HAL_RCC_GetPCLK2Freq                     0x08000c09   Thumb Code    38  stm32f4xx_hal_rcc.o(.text.HAL_RCC_GetPCLK2Freq)
    HAL_RCC_GetSysClockFreq                  0x08000c31   Thumb Code   108  stm32f4xx_hal_rcc.o(.text.HAL_RCC_GetSysClockFreq)
    HAL_RCC_OscConfig                        0x08000c9d   Thumb Code   940  stm32f4xx_hal_rcc.o(.text.HAL_RCC_OscConfig)
    HAL_SYSTICK_Config                       0x08001049   Thumb Code    44  stm32f4xx_hal_cortex.o(.text.HAL_SYSTICK_Config)
    HAL_TIMEx_BreakCallback                  0x08001075   Thumb Code     2  stm32f4xx_hal_tim_ex.o(.text.HAL_TIMEx_BreakCallback)
    HAL_TIMEx_CommutCallback                 0x08001079   Thumb Code     2  stm32f4xx_hal_tim_ex.o(.text.HAL_TIMEx_CommutCallback)
    HAL_TIM_Base_Init                        0x0800107d   Thumb Code    90  stm32f4xx_hal_tim.o(.text.HAL_TIM_Base_Init)
    HAL_TIM_Base_MspInit                     0x080010d9   Thumb Code     2  stm32f4xx_hal_tim.o(.text.HAL_TIM_Base_MspInit)
    HAL_TIM_Base_Start_IT                    0x080010dd   Thumb Code   132  stm32f4xx_hal_tim.o(.text.HAL_TIM_Base_Start_IT)
    HAL_TIM_IC_CaptureCallback               0x08001161   Thumb Code     2  stm32f4xx_hal_tim.o(.text.HAL_TIM_IC_CaptureCallback)
    HAL_TIM_IRQHandler                       0x08001165   Thumb Code   334  stm32f4xx_hal_tim.o(.text.HAL_TIM_IRQHandler)
    HAL_TIM_OC_DelayElapsedCallback          0x080012b5   Thumb Code     2  stm32f4xx_hal_tim.o(.text.HAL_TIM_OC_DelayElapsedCallback)
    HAL_TIM_PWM_ConfigChannel                0x080012b9   Thumb Code   508  stm32f4xx_hal_tim.o(.text.HAL_TIM_PWM_ConfigChannel)
    HAL_TIM_PWM_Init                         0x080014b5   Thumb Code    90  stm32f4xx_hal_tim.o(.text.HAL_TIM_PWM_Init)
    HAL_TIM_PWM_MspInit                      0x08001511   Thumb Code     2  stm32f4xx_hal_tim.o(.text.HAL_TIM_PWM_MspInit)
    HAL_TIM_PWM_PulseFinishedCallback        0x08001515   Thumb Code     2  stm32f4xx_hal_tim.o(.text.HAL_TIM_PWM_PulseFinishedCallback)
    HAL_TIM_PWM_Start                        0x08001519   Thumb Code   240  stm32f4xx_hal_tim.o(.text.HAL_TIM_PWM_Start)
    HAL_TIM_PeriodElapsedCallback            0x08001609   Thumb Code    34  my_timer.o(.text.HAL_TIM_PeriodElapsedCallback)
    HAL_TIM_TriggerCallback                  0x0800162d   Thumb Code     2  stm32f4xx_hal_tim.o(.text.HAL_TIM_TriggerCallback)
    HAL_UART_Init                            0x08001631   Thumb Code    96  stm32f4xx_hal_uart.o(.text.HAL_UART_Init)
    HAL_UART_MspInit                         0x08001691   Thumb Code     2  stm32f4xx_hal_uart.o(.text.HAL_UART_MspInit)
    HAL_UART_Transmit                        0x08001695   Thumb Code   402  stm32f4xx_hal_uart.o(.text.HAL_UART_Transmit)
    HardFault_Handler                        0x08001829   Thumb Code     2  stm32f4xx_it.o(.text.HardFault_Handler)
    MemManage_Handler                        0x0800182d   Thumb Code     2  stm32f4xx_it.o(.text.MemManage_Handler)
    MotorCtrl_GetCurrentStep                 0x08001831   Thumb Code    12  motor_ctrl.o(.text.MotorCtrl_GetCurrentStep)
    MotorCtrl_GetMode                        0x0800183d   Thumb Code    12  motor_ctrl.o(.text.MotorCtrl_GetMode)
    MotorCtrl_GetTickCounter                 0x08001849   Thumb Code    12  motor_ctrl.o(.text.MotorCtrl_GetTickCounter)
    MotorCtrl_Init                           0x08001855   Thumb Code    42  motor_ctrl.o(.text.MotorCtrl_Init)
    MotorCtrl_IsRunning                      0x08001881   Thumb Code    12  motor_ctrl.o(.text.MotorCtrl_IsRunning)
    MotorCtrl_SetDirection                   0x0800188d   Thumb Code    24  motor_ctrl.o(.text.MotorCtrl_SetDirection)
    MotorCtrl_SetMode                        0x080018a5   Thumb Code    52  motor_ctrl.o(.text.MotorCtrl_SetMode)
    MotorCtrl_SineGetCurrentAmplitudePermille 0x080018d9   Thumb Code     4  motor_ctrl.o(.text.MotorCtrl_SineGetCurrentAmplitudePermille)
    MotorCtrl_SineGetCurrentFreqMilliHz      0x080018dd   Thumb Code     4  motor_ctrl.o(.text.MotorCtrl_SineGetCurrentFreqMilliHz)
    MotorCtrl_SineGetPhaseAccQ16             0x080018e1   Thumb Code     4  motor_ctrl.o(.text.MotorCtrl_SineGetPhaseAccQ16)
    MotorCtrl_SineGetPhaseStepQ16            0x080018e5   Thumb Code     4  motor_ctrl.o(.text.MotorCtrl_SineGetPhaseStepQ16)
    MotorCtrl_SineSetAmpRampPermillePer10ms  0x080018e9   Thumb Code     4  motor_ctrl.o(.text.MotorCtrl_SineSetAmpRampPermillePer10ms)
    MotorCtrl_SineSetAmplitudePermille       0x080018ed   Thumb Code     4  motor_ctrl.o(.text.MotorCtrl_SineSetAmplitudePermille)
    MotorCtrl_SineSetFreqRampMilliHzPer10ms  0x080018f1   Thumb Code     4  motor_ctrl.o(.text.MotorCtrl_SineSetFreqRampMilliHzPer10ms)
    MotorCtrl_SineSetTargetFreqMilliHz       0x080018f5   Thumb Code     4  motor_ctrl.o(.text.MotorCtrl_SineSetTargetFreqMilliHz)
    MotorCtrl_Start                          0x080018f9   Thumb Code   156  motor_ctrl.o(.text.MotorCtrl_Start)
    MotorCtrl_Task10ms                       0x08001995   Thumb Code   164  motor_ctrl.o(.text.MotorCtrl_Task10ms)
    MotorSineOpenLoop_GetCurrentAmplitudePermille 0x08001a39   Thumb Code    12  motor_sine_openloop.o(.text.MotorSineOpenLoop_GetCurrentAmplitudePermille)
    MotorSineOpenLoop_GetCurrentFreqMilliHz  0x08001a45   Thumb Code    12  motor_sine_openloop.o(.text.MotorSineOpenLoop_GetCurrentFreqMilliHz)
    MotorSineOpenLoop_GetPhaseAccQ16         0x08001a51   Thumb Code    12  motor_sine_openloop.o(.text.MotorSineOpenLoop_GetPhaseAccQ16)
    MotorSineOpenLoop_GetPhaseStepQ16        0x08001a5d   Thumb Code    12  motor_sine_openloop.o(.text.MotorSineOpenLoop_GetPhaseStepQ16)
    MotorSineOpenLoop_Init                   0x08001ba9   Thumb Code    56  motor_sine_openloop.o(.text.MotorSineOpenLoop_Init)
    MotorSineOpenLoop_SetAmpRampPermillePer10ms 0x08001be1   Thumb Code    18  motor_sine_openloop.o(.text.MotorSineOpenLoop_SetAmpRampPermillePer10ms)
    MotorSineOpenLoop_SetFreqRampMilliHzPer10ms 0x08001bf5   Thumb Code    18  motor_sine_openloop.o(.text.MotorSineOpenLoop_SetFreqRampMilliHzPer10ms)
    MotorSineOpenLoop_SetReverse             0x08001c09   Thumb Code    18  motor_sine_openloop.o(.text.MotorSineOpenLoop_SetReverse)
    MotorSineOpenLoop_SetTargetAmplitudePermille 0x08001c1d   Thumb Code    22  motor_sine_openloop.o(.text.MotorSineOpenLoop_SetTargetAmplitudePermille)
    MotorSineOpenLoop_SetTargetFreqMilliHz   0x08001c35   Thumb Code    12  motor_sine_openloop.o(.text.MotorSineOpenLoop_SetTargetFreqMilliHz)
    MotorSineOpenLoop_Start                  0x08001c41   Thumb Code    84  motor_sine_openloop.o(.text.MotorSineOpenLoop_Start)
    MotorSineOpenLoop_Stop                   0x08001c95   Thumb Code    28  motor_sine_openloop.o(.text.MotorSineOpenLoop_Stop)
    MotorSineOpenLoop_Task10ms               0x08001cb1   Thumb Code   122  motor_sine_openloop.o(.text.MotorSineOpenLoop_Task10ms)
    NMI_Handler                              0x08001d2d   Thumb Code     2  stm32f4xx_it.o(.text.NMI_Handler)
    PendSV_Handler                           0x08001d31   Thumb Code     2  stm32f4xx_it.o(.text.PendSV_Handler)
    SVC_Handler                              0x08001d35   Thumb Code     2  stm32f4xx_it.o(.text.SVC_Handler)
    SysTick_Handler                          0x08001d39   Thumb Code     4  stm32f4xx_it.o(.text.SysTick_Handler)
    SystemInit                               0x08001d3d   Thumb Code    86  system_stm32f4xx.o(.text.SystemInit)
    TIM1_UP_TIM10_IRQHandler                 0x08001d95   Thumb Code     4  stm32f4xx_it.o(.text.TIM1_UP_TIM10_IRQHandler)
    TIM4_IRQHandler                          0x08001d99   Thumb Code    12  my_timer.o(.text.TIM4_IRQHandler)
    TIM_Base_SetConfig                       0x08001da5   Thumb Code   254  stm32f4xx_hal_tim.o(.text.TIM_Base_SetConfig)
    UsageFault_Handler                       0x08001fc9   Thumb Code     2  stm32f4xx_it.o(.text.UsageFault_Handler)
    fputc                                    0x08001fcd   Thumb Code    36  my_uart.o(.text.fputc)
    main                                     0x08001ff1   Thumb Code   468  main.o(.text.main)
    my_Timer10ms_Init                        0x08002201   Thumb Code   102  my_timer.o(.text.my_Timer10ms_Init)
    my_Timer10ms_RegisterCallback            0x08002269   Thumb Code    12  my_timer.o(.text.my_Timer10ms_RegisterCallback)
    my_Timer10ms_Start                       0x08002275   Thumb Code    22  my_timer.o(.text.my_Timer10ms_Start)
    my_Uart_Init                             0x0800228d   Thumb Code   160  my_uart.o(.text.my_Uart_Init)
    pwm_duty_set                             0x08002341   Thumb Code    50  pwm_out.o(.text.pwm_duty_set)
    pwm_out_enable_update_irq                0x08002375   Thumb Code    48  pwm_out.o(.text.pwm_out_enable_update_irq)
    pwm_out_get_update_rate_hz               0x080023a5   Thumb Code     6  pwm_out.o(.text.pwm_out_get_update_rate_hz)
    pwm_out_init                             0x080023ad   Thumb Code   346  pwm_out.o(.text.pwm_out_init)
    pwm_out_register_update_callback         0x08002509   Thumb Code    12  pwm_out.o(.text.pwm_out_register_update_callback)
    pwm_out_tim_irqhandler                   0x08002515   Thumb Code    44  pwm_out.o(.text.pwm_out_tim_irqhandler)
    __0printf$1                              0x08002541   Thumb Code    22  printf1.o(i.__0printf$1)
    __1printf$1                              0x08002541   Thumb Code     0  printf1.o(i.__0printf$1)
    __2printf                                0x08002541   Thumb Code     0  printf1.o(i.__0printf$1)
    __scatterload_copy                       0x08002561   Thumb Code    14  handlers.o(i.__scatterload_copy)
    __scatterload_null                       0x0800256f   Thumb Code     2  handlers.o(i.__scatterload_null)
    __scatterload_zeroinit                   0x08002571   Thumb Code    14  handlers.o(i.__scatterload_zeroinit)
    puts                                     0x080026d5   Thumb Code    30  puts.o(i.puts)
    AHBPrescTable                            0x080026f8   Data          16  system_stm32f4xx.o(.rodata.AHBPrescTable)
    APBPrescTable                            0x08002708   Data           8  system_stm32f4xx.o(.rodata.APBPrescTable)
    Region$$Table$$Base                      0x08002834   Number         0  anon$$obj.o(Region$$Table)
    Region$$Table$$Limit                     0x08002854   Number         0  anon$$obj.o(Region$$Table)
    __stdout                                 0x20000000   Data           4  stdout.o(.data)
    uwTickFreq                               0x20000004   Data           1  stm32f4xx_hal.o(.data..L_MergedGlobals)
    uwTickPrio                               0x20000008   Data           4  stm32f4xx_hal.o(.data..L_MergedGlobals)
    SystemCoreClock                          0x2000000c   Data           4  system_stm32f4xx.o(.data.SystemCoreClock)
    uwTick                                   0x20000144   Data           4  stm32f4xx_hal.o(.bss.uwTick)
    __initial_sp                             0x20000548   Data           0  startup_stm32f411xe.o(STACK)



==============================================================================

Memory Map of the image

  Image Entry point : 0x08000199

  Load Region LR_IROM1 (Base: 0x08000000, Size: 0x00002868, Max: 0x00080000, ABSOLUTE)

    Execution Region ER_IROM1 (Exec base: 0x08000000, Load base: 0x08000000, Size: 0x00002854, Max: 0x00080000, ABSOLUTE)

    Exec Addr    Load Addr    Size         Type   Attr      Idx    E Section Name        Object

    0x08000000   0x08000000   0x00000198   Data   RO         1024    RESET               startup_stm32f411xe.o
    0x08000198   0x08000198   0x00000000   Code   RO         1324  * .ARM.Collect$$$$00000000  mc_w.l(entry.o)
    0x08000198   0x08000198   0x00000004   Code   RO         1596    .ARM.Collect$$$$00000001  mc_w.l(entry2.o)
    0x0800019c   0x0800019c   0x00000004   Code   RO         1599    .ARM.Collect$$$$00000004  mc_w.l(entry5.o)
    0x080001a0   0x080001a0   0x00000000   Code   RO         1601    .ARM.Collect$$$$00000008  mc_w.l(entry7b.o)
    0x080001a0   0x080001a0   0x00000000   Code   RO         1603    .ARM.Collect$$$$0000000A  mc_w.l(entry8b.o)
    0x080001a0   0x080001a0   0x00000008   Code   RO         1604    .ARM.Collect$$$$0000000B  mc_w.l(entry9a.o)
    0x080001a8   0x080001a8   0x00000000   Code   RO         1606    .ARM.Collect$$$$0000000D  mc_w.l(entry10a.o)
    0x080001a8   0x080001a8   0x00000000   Code   RO         1608    .ARM.Collect$$$$0000000F  mc_w.l(entry11a.o)
    0x080001a8   0x080001a8   0x00000004   Code   RO         1597    .ARM.Collect$$$$00002712  mc_w.l(entry2.o)
    0x080001ac   0x080001ac   0x00000024   Code   RO         1025    .text               startup_stm32f411xe.o
    0x080001d0   0x080001d0   0x00000062   Code   RO         1331    .text               mc_w.l(uldiv.o)
    0x08000232   0x08000232   0x0000002c   Code   RO         1620    .text               mc_w.l(uidiv.o)
    0x0800025e   0x0800025e   0x0000001e   Code   RO         1622    .text               mc_w.l(llshl.o)
    0x0800027c   0x0800027c   0x00000020   Code   RO         1624    .text               mc_w.l(llushr.o)
    0x0800029c   0x0800029c   0x00000030   Code   RO         1637    .text               mc_w.l(init.o)
    0x080002cc   0x080002cc   0x00000002   Code   RO         1265    .text.BusFault_Handler  stm32f4xx_it.o
    0x080002ce   0x080002ce   0x00000002   PAD
    0x080002d0   0x080002d0   0x00000018   Code   RO         1082    .text.DRV8313_AllPhaseOff  drv8313.o
    0x080002e8   0x080002e8   0x0000009c   Code   RO         1088    .text.DRV8313_ApplyAllCachedPhaseStates  drv8313.o
    0x08000384   0x08000384   0x0000002e   Code   RO         1098    .text.DRV8313_EnableAllOutputs  drv8313.o
    0x080003b2   0x080003b2   0x00000002   PAD
    0x080003b4   0x080003b4   0x0000002a   Code   RO         1080    .text.DRV8313_EnterSafeState  drv8313.o
    0x080003de   0x080003de   0x00000002   PAD
    0x080003e0   0x080003e0   0x00000048   Code   RO         1054    .text.DRV8313_IO_AllOutputsOff  drv8313_io.o
    0x08000428   0x08000428   0x00000132   Code   RO         1052    .text.DRV8313_IO_Init  drv8313_io.o
    0x0800055a   0x0800055a   0x00000002   PAD
    0x0800055c   0x0800055c   0x0000000e   Code   RO         1068    .text.DRV8313_IO_ReadNFault  drv8313_io.o
    0x0800056a   0x0800056a   0x00000002   PAD
    0x0800056c   0x0800056c   0x00000044   Code   RO         1060    .text.DRV8313_IO_SetEnable  drv8313_io.o
    0x080005b0   0x080005b0   0x00000016   Code   RO         1062    .text.DRV8313_IO_SetInput  drv8313_io.o
    0x080005c6   0x080005c6   0x00000002   PAD
    0x080005c8   0x080005c8   0x0000000a   Code   RO         1064    .text.DRV8313_IO_SetInputDuty  drv8313_io.o
    0x080005d2   0x080005d2   0x00000002   PAD
    0x080005d4   0x080005d4   0x00000012   Code   RO         1058    .text.DRV8313_IO_SetNReset  drv8313_io.o
    0x080005e6   0x080005e6   0x00000002   PAD
    0x080005e8   0x080005e8   0x00000012   Code   RO         1056    .text.DRV8313_IO_SetNSleep  drv8313_io.o
    0x080005fa   0x080005fa   0x00000002   PAD
    0x080005fc   0x080005fc   0x00000034   Code   RO         1078    .text.DRV8313_Init  drv8313.o
    0x08000630   0x08000630   0x0000000c   Code   RO         1096    .text.DRV8313_IsAwake  drv8313.o
    0x0800063c   0x0800063c   0x0000000e   Code   RO         1090    .text.DRV8313_IsFaultActive  drv8313.o
    0x0800064a   0x0800064a   0x00000002   PAD
    0x0800064c   0x0800064c   0x0000002e   Code   RO         1104    .text.DRV8313_SetPhasePwmDuty  drv8313.o
    0x0800067a   0x0800067a   0x00000002   PAD
    0x0800067c   0x0800067c   0x0000006c   Code   RO         1100    .text.DRV8313_SetPhaseState  drv8313.o
    0x080006e8   0x080006e8   0x00000058   Code   RO         1086    .text.DRV8313_Wakeup  drv8313.o
    0x08000740   0x08000740   0x00000002   Code   RO         1271    .text.DebugMon_Handler  stm32f4xx_it.o
    0x08000742   0x08000742   0x00000002   PAD
    0x08000744   0x08000744   0x00000028   Code   RO          275    .text.HAL_Delay     stm32f4xx_hal.o
    0x0800076c   0x0800076c   0x0000019e   Code   RO          877    .text.HAL_GPIO_Init  stm32f4xx_hal_gpio.o
    0x0800090a   0x0800090a   0x00000002   PAD
    0x0800090c   0x0800090c   0x0000000a   Code   RO          881    .text.HAL_GPIO_ReadPin  stm32f4xx_hal_gpio.o
    0x08000916   0x08000916   0x00000002   PAD
    0x08000918   0x08000918   0x00000010   Code   RO          885    .text.HAL_GPIO_TogglePin  stm32f4xx_hal_gpio.o
    0x08000928   0x08000928   0x0000000a   Code   RO          883    .text.HAL_GPIO_WritePin  stm32f4xx_hal_gpio.o
    0x08000932   0x08000932   0x00000002   PAD
    0x08000934   0x08000934   0x0000000c   Code   RO          267    .text.HAL_GetTick   stm32f4xx_hal.o
    0x08000940   0x08000940   0x0000001a   Code   RO          265    .text.HAL_IncTick   stm32f4xx_hal.o
    0x0800095a   0x0800095a   0x00000002   PAD
    0x0800095c   0x0800095c   0x00000036   Code   RO          255    .text.HAL_Init      stm32f4xx_hal.o
    0x08000992   0x08000992   0x00000002   PAD
    0x08000994   0x08000994   0x00000048   Code   RO          257    .text.HAL_InitTick  stm32f4xx_hal.o
    0x080009dc   0x080009dc   0x00000002   Code   RO          259    .text.HAL_MspInit   stm32f4xx_hal.o
    0x080009de   0x080009de   0x00000002   PAD
    0x080009e0   0x080009e0   0x00000022   Code   RO          582    .text.HAL_NVIC_EnableIRQ  stm32f4xx_hal_cortex.o
    0x08000a02   0x08000a02   0x00000002   PAD
    0x08000a04   0x08000a04   0x00000056   Code   RO          580    .text.HAL_NVIC_SetPriority  stm32f4xx_hal_cortex.o
    0x08000a5a   0x08000a5a   0x00000002   PAD
    0x08000a5c   0x08000a5c   0x00000020   Code   RO          578    .text.HAL_NVIC_SetPriorityGrouping  stm32f4xx_hal_cortex.o
    0x08000a7c   0x08000a7c   0x00000164   Code   RO          370    .text.HAL_RCC_ClockConfig  stm32f4xx_hal_rcc.o
    0x08000be0   0x08000be0   0x00000026   Code   RO          382    .text.HAL_RCC_GetPCLK1Freq  stm32f4xx_hal_rcc.o
    0x08000c06   0x08000c06   0x00000002   PAD
    0x08000c08   0x08000c08   0x00000026   Code   RO          384    .text.HAL_RCC_GetPCLK2Freq  stm32f4xx_hal_rcc.o
    0x08000c2e   0x08000c2e   0x00000002   PAD
    0x08000c30   0x08000c30   0x0000006c   Code   RO          372    .text.HAL_RCC_GetSysClockFreq  stm32f4xx_hal_rcc.o
    0x08000c9c   0x08000c9c   0x000003ac   Code   RO          368    .text.HAL_RCC_OscConfig  stm32f4xx_hal_rcc.o
    0x08001048   0x08001048   0x0000002c   Code   RO          590    .text.HAL_SYSTICK_Config  stm32f4xx_hal_cortex.o
    0x08001074   0x08001074   0x00000002   Code   RO          564    .text.HAL_TIMEx_BreakCallback  stm32f4xx_hal_tim_ex.o
    0x08001076   0x08001076   0x00000002   PAD
    0x08001078   0x08001078   0x00000002   Code   RO          560    .text.HAL_TIMEx_CommutCallback  stm32f4xx_hal_tim_ex.o
    0x0800107a   0x0800107a   0x00000002   PAD
    0x0800107c   0x0800107c   0x0000005a   Code   RO          626    .text.HAL_TIM_Base_Init  stm32f4xx_hal_tim.o
    0x080010d6   0x080010d6   0x00000002   PAD
    0x080010d8   0x080010d8   0x00000002   Code   RO          628    .text.HAL_TIM_Base_MspInit  stm32f4xx_hal_tim.o
    0x080010da   0x080010da   0x00000002   PAD
    0x080010dc   0x080010dc   0x00000084   Code   RO          640    .text.HAL_TIM_Base_Start_IT  stm32f4xx_hal_tim.o
    0x08001160   0x08001160   0x00000002   Code   RO          762    .text.HAL_TIM_IC_CaptureCallback  stm32f4xx_hal_tim.o
    0x08001162   0x08001162   0x00000002   PAD
    0x08001164   0x08001164   0x0000014e   Code   RO          760    .text.HAL_TIM_IRQHandler  stm32f4xx_hal_tim.o
    0x080012b2   0x080012b2   0x00000002   PAD
    0x080012b4   0x080012b4   0x00000002   Code   RO          764    .text.HAL_TIM_OC_DelayElapsedCallback  stm32f4xx_hal_tim.o
    0x080012b6   0x080012b6   0x00000002   PAD
    0x080012b8   0x080012b8   0x000001fc   Code   RO          780    .text.HAL_TIM_PWM_ConfigChannel  stm32f4xx_hal_tim.o
    0x080014b4   0x080014b4   0x0000005a   Code   RO          680    .text.HAL_TIM_PWM_Init  stm32f4xx_hal_tim.o
    0x0800150e   0x0800150e   0x00000002   PAD
    0x08001510   0x08001510   0x00000002   Code   RO          682    .text.HAL_TIM_PWM_MspInit  stm32f4xx_hal_tim.o
    0x08001512   0x08001512   0x00000002   PAD
    0x08001514   0x08001514   0x00000002   Code   RO          766    .text.HAL_TIM_PWM_PulseFinishedCallback  stm32f4xx_hal_tim.o
    0x08001516   0x08001516   0x00000002   PAD
    0x08001518   0x08001518   0x000000f0   Code   RO          688    .text.HAL_TIM_PWM_Start  stm32f4xx_hal_tim.o
    0x08001608   0x08001608   0x00000022   Code   RO         1040    .text.HAL_TIM_PeriodElapsedCallback  my_timer.o
    0x0800162a   0x0800162a   0x00000002   PAD
    0x0800162c   0x0800162c   0x00000002   Code   RO          770    .text.HAL_TIM_TriggerCallback  stm32f4xx_hal_tim.o
    0x0800162e   0x0800162e   0x00000002   PAD
    0x08001630   0x08001630   0x00000060   Code   RO          901    .text.HAL_UART_Init  stm32f4xx_hal_uart.o
    0x08001690   0x08001690   0x00000002   Code   RO          903    .text.HAL_UART_MspInit  stm32f4xx_hal_uart.o
    0x08001692   0x08001692   0x00000002   PAD
    0x08001694   0x08001694   0x00000192   Code   RO          917    .text.HAL_UART_Transmit  stm32f4xx_hal_uart.o
    0x08001826   0x08001826   0x00000002   PAD
    0x08001828   0x08001828   0x00000002   Code   RO         1261    .text.HardFault_Handler  stm32f4xx_it.o
    0x0800182a   0x0800182a   0x00000002   PAD
    0x0800182c   0x0800182c   0x00000002   Code   RO         1263    .text.MemManage_Handler  stm32f4xx_it.o
    0x0800182e   0x0800182e   0x00000002   PAD
    0x08001830   0x08001830   0x0000000c   Code   RO         1210    .text.MotorCtrl_GetCurrentStep  motor_ctrl.o
    0x0800183c   0x0800183c   0x0000000c   Code   RO         1196    .text.MotorCtrl_GetMode  motor_ctrl.o
    0x08001848   0x08001848   0x0000000c   Code   RO         1212    .text.MotorCtrl_GetTickCounter  motor_ctrl.o
    0x08001854   0x08001854   0x0000002a   Code   RO         1186    .text.MotorCtrl_Init  motor_ctrl.o
    0x0800187e   0x0800187e   0x00000002   PAD
    0x08001880   0x08001880   0x0000000c   Code   RO         1214    .text.MotorCtrl_IsRunning  motor_ctrl.o
    0x0800188c   0x0800188c   0x00000018   Code   RO         1198    .text.MotorCtrl_SetDirection  motor_ctrl.o
    0x080018a4   0x080018a4   0x00000034   Code   RO         1194    .text.MotorCtrl_SetMode  motor_ctrl.o
    0x080018d8   0x080018d8   0x00000004   Code   RO         1230    .text.MotorCtrl_SineGetCurrentAmplitudePermille  motor_ctrl.o
    0x080018dc   0x080018dc   0x00000004   Code   RO         1224    .text.MotorCtrl_SineGetCurrentFreqMilliHz  motor_ctrl.o
    0x080018e0   0x080018e0   0x00000004   Code   RO         1226    .text.MotorCtrl_SineGetPhaseAccQ16  motor_ctrl.o
    0x080018e4   0x080018e4   0x00000004   Code   RO         1228    .text.MotorCtrl_SineGetPhaseStepQ16  motor_ctrl.o
    0x080018e8   0x080018e8   0x00000004   Code   RO         1222    .text.MotorCtrl_SineSetAmpRampPermillePer10ms  motor_ctrl.o
    0x080018ec   0x080018ec   0x00000004   Code   RO         1220    .text.MotorCtrl_SineSetAmplitudePermille  motor_ctrl.o
    0x080018f0   0x080018f0   0x00000004   Code   RO         1218    .text.MotorCtrl_SineSetFreqRampMilliHzPer10ms  motor_ctrl.o
    0x080018f4   0x080018f4   0x00000004   Code   RO         1216    .text.MotorCtrl_SineSetTargetFreqMilliHz  motor_ctrl.o
    0x080018f8   0x080018f8   0x0000009c   Code   RO         1188    .text.MotorCtrl_Start  motor_ctrl.o
    0x08001994   0x08001994   0x000000a4   Code   RO         1192    .text.MotorCtrl_Task10ms  motor_ctrl.o
    0x08001a38   0x08001a38   0x0000000c   Code   RO         1172    .text.MotorSineOpenLoop_GetCurrentAmplitudePermille  motor_sine_openloop.o
    0x08001a44   0x08001a44   0x0000000c   Code   RO         1168    .text.MotorSineOpenLoop_GetCurrentFreqMilliHz  motor_sine_openloop.o
    0x08001a50   0x08001a50   0x0000000c   Code   RO         1164    .text.MotorSineOpenLoop_GetPhaseAccQ16  motor_sine_openloop.o
    0x08001a5c   0x08001a5c   0x0000000c   Code   RO         1166    .text.MotorSineOpenLoop_GetPhaseStepQ16  motor_sine_openloop.o
    0x08001a68   0x08001a68   0x00000140   Code   RO         1142    .text.MotorSineOpenLoop_HighFreqTask  motor_sine_openloop.o
    0x08001ba8   0x08001ba8   0x00000038   Code   RO         1140    .text.MotorSineOpenLoop_Init  motor_sine_openloop.o
    0x08001be0   0x08001be0   0x00000012   Code   RO         1158    .text.MotorSineOpenLoop_SetAmpRampPermillePer10ms  motor_sine_openloop.o
    0x08001bf2   0x08001bf2   0x00000002   PAD
    0x08001bf4   0x08001bf4   0x00000012   Code   RO         1154    .text.MotorSineOpenLoop_SetFreqRampMilliHzPer10ms  motor_sine_openloop.o
    0x08001c06   0x08001c06   0x00000002   PAD
    0x08001c08   0x08001c08   0x00000012   Code   RO         1150    .text.MotorSineOpenLoop_SetReverse  motor_sine_openloop.o
    0x08001c1a   0x08001c1a   0x00000002   PAD
    0x08001c1c   0x08001c1c   0x00000016   Code   RO         1156    .text.MotorSineOpenLoop_SetTargetAmplitudePermille  motor_sine_openloop.o
    0x08001c32   0x08001c32   0x00000002   PAD
    0x08001c34   0x08001c34   0x0000000c   Code   RO         1152    .text.MotorSineOpenLoop_SetTargetFreqMilliHz  motor_sine_openloop.o
    0x08001c40   0x08001c40   0x00000054   Code   RO         1144    .text.MotorSineOpenLoop_Start  motor_sine_openloop.o
    0x08001c94   0x08001c94   0x0000001c   Code   RO         1146    .text.MotorSineOpenLoop_Stop  motor_sine_openloop.o
    0x08001cb0   0x08001cb0   0x0000007a   Code   RO         1148    .text.MotorSineOpenLoop_Task10ms  motor_sine_openloop.o
    0x08001d2a   0x08001d2a   0x00000002   PAD
    0x08001d2c   0x08001d2c   0x00000002   Code   RO         1259    .text.NMI_Handler   stm32f4xx_it.o
    0x08001d2e   0x08001d2e   0x00000002   PAD
    0x08001d30   0x08001d30   0x00000002   Code   RO         1273    .text.PendSV_Handler  stm32f4xx_it.o
    0x08001d32   0x08001d32   0x00000002   PAD
    0x08001d34   0x08001d34   0x00000002   Code   RO         1269    .text.SVC_Handler   stm32f4xx_it.o
    0x08001d36   0x08001d36   0x00000002   PAD
    0x08001d38   0x08001d38   0x00000004   Code   RO         1275    .text.SysTick_Handler  stm32f4xx_it.o
    0x08001d3c   0x08001d3c   0x00000056   Code   RO         1310    .text.SystemInit    system_stm32f4xx.o
    0x08001d92   0x08001d92   0x00000002   PAD
    0x08001d94   0x08001d94   0x00000004   Code   RO         1277    .text.TIM1_UP_TIM10_IRQHandler  stm32f4xx_it.o
    0x08001d98   0x08001d98   0x0000000c   Code   RO         1038    .text.TIM4_IRQHandler  my_timer.o
    0x08001da4   0x08001da4   0x000000fe   Code   RO          630    .text.TIM_Base_SetConfig  stm32f4xx_hal_tim.o
    0x08001ea2   0x08001ea2   0x00000002   PAD
    0x08001ea4   0x08001ea4   0x0000003a   Code   RO         1297    .text.Task_10msCallback  main.o
    0x08001ede   0x08001ede   0x00000002   PAD
    0x08001ee0   0x08001ee0   0x000000e6   Code   RO          905    .text.UART_SetConfig  stm32f4xx_hal_uart.o
    0x08001fc6   0x08001fc6   0x00000002   PAD
    0x08001fc8   0x08001fc8   0x00000002   Code   RO         1267    .text.UsageFault_Handler  stm32f4xx_it.o
    0x08001fca   0x08001fca   0x00000002   PAD
    0x08001fcc   0x08001fcc   0x00000024   Code   RO         1242    .text.fputc         my_uart.o
    0x08001ff0   0x08001ff0   0x00000210   Code   RO         1295    .text.main          main.o
    0x08002200   0x08002200   0x00000066   Code   RO         1032    .text.my_Timer10ms_Init  my_timer.o
    0x08002266   0x08002266   0x00000002   PAD
    0x08002268   0x08002268   0x0000000c   Code   RO         1036    .text.my_Timer10ms_RegisterCallback  my_timer.o
    0x08002274   0x08002274   0x00000016   Code   RO         1034    .text.my_Timer10ms_Start  my_timer.o
    0x0800228a   0x0800228a   0x00000002   PAD
    0x0800228c   0x0800228c   0x000000b4   Code   RO         1246    .text.my_Uart_Init  my_uart.o
    0x08002340   0x08002340   0x00000032   Code   RO         1123    .text.pwm_duty_set  pwm_out.o
    0x08002372   0x08002372   0x00000002   PAD
    0x08002374   0x08002374   0x00000030   Code   RO         1119    .text.pwm_out_enable_update_irq  pwm_out.o
    0x080023a4   0x080023a4   0x00000006   Code   RO         1127    .text.pwm_out_get_update_rate_hz  pwm_out.o
    0x080023aa   0x080023aa   0x00000002   PAD
    0x080023ac   0x080023ac   0x0000015a   Code   RO         1117    .text.pwm_out_init  pwm_out.o
    0x08002506   0x08002506   0x00000002   PAD
    0x08002508   0x08002508   0x0000000c   Code   RO         1121    .text.pwm_out_register_update_callback  pwm_out.o
    0x08002514   0x08002514   0x0000002c   Code   RO         1129    .text.pwm_out_tim_irqhandler  pwm_out.o
    0x08002540   0x08002540   0x00000020   Code   RO         1380    i.__0printf$1       mc_w.l(printf1.o)
    0x08002560   0x08002560   0x0000000e   Code   RO         1645    i.__scatterload_copy  mc_w.l(handlers.o)
    0x0800256e   0x0800256e   0x00000002   Code   RO         1646    i.__scatterload_null  mc_w.l(handlers.o)
    0x08002570   0x08002570   0x0000000e   Code   RO         1647    i.__scatterload_zeroinit  mc_w.l(handlers.o)
    0x0800257e   0x0800257e   0x00000002   PAD
    0x08002580   0x08002580   0x00000154   Code   RO         1387    i._printf_core      mc_w.l(printf1.o)
    0x080026d4   0x080026d4   0x00000024   Code   RO         1327    i.puts              mc_w.l(puts.o)
    0x080026f8   0x080026f8   0x00000010   Data   RO         1315    .rodata.AHBPrescTable  system_stm32f4xx.o
    0x08002708   0x08002708   0x00000008   Data   RO         1316    .rodata.APBPrescTable  system_stm32f4xx.o
    0x08002710   0x08002710   0x000000c0   Data   RO         1176    .rodata.k_sine_table_96  motor_sine_openloop.o
    0x080027d0   0x080027d0   0x00000012   Data   RO         1232    .rodata.k_six_step_table  motor_ctrl.o
    0x080027e2   0x080027e2   0x0000004f   Data   RO         1299    .rodata.str1.1      main.o
    0x08002831   0x08002831   0x00000003   PAD
    0x08002834   0x08002834   0x00000020   Data   RO         1644    Region$$Table       anon$$obj.o


    Execution Region RW_IRAM1 (Exec base: 0x20000000, Load base: 0x08002858, Size: 0x00000548, Max: 0x00020000, ABSOLUTE)

    Exec Addr    Load Addr    Size         Type   Attr      Idx    E Section Name        Object

    0x20000000   0x08002858   0x00000004   Data   RW         1610    .data               mc_w.l(stdout.o)
    0x20000004   0x0800285c   0x00000008   Data   RW          310    .data..L_MergedGlobals  stm32f4xx_hal.o
    0x2000000c   0x08002864   0x00000004   Data   RW         1314    .data.SystemCoreClock  system_stm32f4xx.o
    0x20000010        -       0x00000058   Zero   RW         1131    .bss..L_MergedGlobals  pwm_out.o
    0x20000068        -       0x00000028   Zero   RW         1177    .bss..L_MergedGlobals  motor_sine_openloop.o
    0x20000090        -       0x0000000e   Zero   RW         1233    .bss..L_MergedGlobals  motor_ctrl.o
    0x2000009e        -       0x00000004   Zero   RW         1301    .bss..L_MergedGlobals  main.o
    0x200000a2   0x08002868   0x00000002   PAD
    0x200000a4        -       0x00000048   Zero   RW         1042    .bss.htim_task      my_timer.o
    0x200000ec        -       0x00000048   Zero   RW         1250    .bss.huart2         my_uart.o
    0x20000134        -       0x0000000a   Zero   RW         1108    .bss.s_drv          drv8313.o
    0x2000013e   0x08002868   0x00000002   PAD
    0x20000140        -       0x00000004   Zero   RW         1043    .bss.s_timer_callback  my_timer.o
    0x20000144        -       0x00000004   Zero   RW          309    .bss.uwTick         stm32f4xx_hal.o
    0x20000148        -       0x00000400   Zero   RW         1022    STACK               startup_stm32f411xe.o


==============================================================================

Image component sizes


      Code (inc. data)   RO Data    RW Data    ZI Data      Debug   Object Name

       588          0          0          0         10       4882   drv8313.o
       528          0          0          0          0       6160   drv8313_io.o
       586         60         79          0          4       4686   main.o
       518          0         18          0         14       6430   motor_ctrl.o
       746          0        192          0         40       6362   motor_sine_openloop.o
       182          0          0          0         76       6749   my_timer.o
       216         20          0          0         72       5890   my_uart.o
       506          0          0          0         88       9015   pwm_out.o
        36          8        408          0       1024        892   startup_stm32f411xe.o
       206          0          0          8          4       7030   stm32f4xx_hal.o
       196          0          0          0          0      10237   stm32f4xx_hal_cortex.o
       450          0          0          0          0       5519   stm32f4xx_hal_gpio.o
      1480          0          0          0          0       7619   stm32f4xx_hal_rcc.o
      1660          6          0          0          0      56997   stm32f4xx_hal_tim.o
         4          0          0          0          0      21433   stm32f4xx_hal_tim_ex.o
       730          0          0          0          0      32255   stm32f4xx_hal_uart.o
        24          0          0          0          0       1358   stm32f4xx_it.o
        86          0         24          4          0       2907   system_stm32f4xx.o

    ----------------------------------------------------------------------
      8856         94        756         12       1336     196421   Object Totals
         0          0         32          0          0          0   (incl. Generated)
       114          0          3          0          4          0   (incl. Padding)

    ----------------------------------------------------------------------

      Code (inc. data)   RO Data    RW Data    ZI Data      Debug   Library Member Name

         0          0          0          0          0          0   entry.o
         0          0          0          0          0          0   entry10a.o
         0          0          0          0          0          0   entry11a.o
         8          4          0          0          0          0   entry2.o
         4          0          0          0          0          0   entry5.o
         0          0          0          0          0          0   entry7b.o
         0          0          0          0          0          0   entry8b.o
         8          4          0          0          0          0   entry9a.o
        30          0          0          0          0          0   handlers.o
        48         10          0          0          0         68   init.o
        30          0          0          0          0         68   llshl.o
        32          0          0          0          0         68   llushr.o
       372         14          0          0          0        184   printf1.o
        36          6          0          0          0         80   puts.o
         0          0          0          4          0          0   stdout.o
        44          0          0          0          0         80   uidiv.o
        98          0          0          0          0         92   uldiv.o

    ----------------------------------------------------------------------
       712         38          0          4          0        640   Library Totals
         2          0          0          0          0          0   (incl. Padding)

    ----------------------------------------------------------------------

      Code (inc. data)   RO Data    RW Data    ZI Data      Debug   Library Name

       710         38          0          4          0        640   mc_w.l

    ----------------------------------------------------------------------
       712         38          0          4          0        640   Library Totals

    ----------------------------------------------------------------------

==============================================================================


      Code (inc. data)   RO Data    RW Data    ZI Data      Debug   

      9568        132        756         16       1336     196685   Grand Totals
      9568        132        756         16       1336     196685   ELF Image Totals
      9568        132        756         16          0          0   ROM Totals

==============================================================================

    Total RO  Size (Code + RO Data)                10324 (  10.08kB)
    Total RW  Size (RW Data + ZI Data)              1352 (   1.32kB)
    Total ROM Size (Code + RO Data + RW Data)      10340 (  10.10kB)

==============================================================================

